Component: ARM Compiler 5.06 update 5 (build 528) Tool: armlink [4d35e2]

==============================================================================

Section Cross References

    main.o(i.main) refers to delay.o(i.delay_init) for delay_init
    main.o(i.main) refers to sys.o(i.NVIC_Configuration) for NVIC_Configuration
    main.o(i.main) refers to usart.o(i.uart_init) for uart_init
    main.o(i.main) refers to led.o(i.LED_Init) for LED_Init
    main.o(i.main) refers to key.o(i.KEY_Init) for KEY_Init
    main.o(i.main) refers to lcd.o(i.LCD_Init) for LCD_Init
    main.o(i.main) refers to gbk_libdrive.o(i.GBK_Lib_Init) for GBK_Lib_Init
    main.o(i.main) refers to lcd.o(i.LCD_Clear) for LCD_Clear
    main.o(i.main) refers to lcd.o(i.Show_Name) for Show_Name
    main.o(i.main) refers to delay.o(i.delay_ms) for delay_ms
    main.o(i.main) refers to key.o(i.KEY_Scan) for KEY_Scan
    main.o(i.main) refers to adc.o(i.My_ADC_Init) for My_ADC_Init
    main.o(i.main) refers to wave_display.o(i.Draw_Axis) for Draw_Axis
    main.o(i.main) refers to wave_display.o(i.Wave_Display_Loop) for Wave_Display_Loop
    main.o(i.main) refers to lcd.o(.data) for POINT_COLOR
    system_stm32f10x.o(i.SetSysClock) refers to system_stm32f10x.o(i.SetSysClockTo72) for SetSysClockTo72
    system_stm32f10x.o(i.SystemCoreClockUpdate) refers to system_stm32f10x.o(.data) for SystemCoreClock
    system_stm32f10x.o(i.SystemInit) refers to system_stm32f10x.o(i.SetSysClock) for SetSysClock
    led.o(i.LED_Init) refers to stm32f10x_rcc.o(i.RCC_APB2PeriphClockCmd) for RCC_APB2PeriphClockCmd
    led.o(i.LED_Init) refers to stm32f10x_gpio.o(i.GPIO_Init) for GPIO_Init
    led.o(i.LED_Init) refers to stm32f10x_gpio.o(i.GPIO_SetBits) for GPIO_SetBits
    key.o(i.KEY_Init) refers to stm32f10x_rcc.o(i.RCC_APB2PeriphClockCmd) for RCC_APB2PeriphClockCmd
    key.o(i.KEY_Init) refers to stm32f10x_gpio.o(i.GPIO_Init) for GPIO_Init
    key.o(i.KEY_Scan) refers to stm32f10x_gpio.o(i.GPIO_ReadInputDataBit) for GPIO_ReadInputDataBit
    key.o(i.KEY_Scan) refers to delay.o(i.delay_ms) for delay_ms
    key.o(i.KEY_Scan) refers to key.o(.data) for key_up
    gbk_libdrive.o(i.DrawFontASC_GBK48B) refers to gbk_libdrive.o(i.GBK_Show_Str) for GBK_Show_Str
    gbk_libdrive.o(i.DrawFontASC_GBK48B) refers to lcd.o(.bss) for lcddev
    gbk_libdrive.o(i.DrawFontASC_GBK48B) refers to lcd.o(.data) for BACK_COLOR
    gbk_libdrive.o(i.DrawFontASC_GBK64B) refers to gbk_libdrive.o(i.GBK_Show_Str) for GBK_Show_Str
    gbk_libdrive.o(i.DrawFontASC_GBK64B) refers to lcd.o(.bss) for lcddev
    gbk_libdrive.o(i.DrawFontASC_GBK64B) refers to lcd.o(.data) for BACK_COLOR
    gbk_libdrive.o(i.DrawFont_GBK12B) refers to gbk_libdrive.o(i.GBK_Show_Str) for GBK_Show_Str
    gbk_libdrive.o(i.DrawFont_GBK12B) refers to lcd.o(.bss) for lcddev
    gbk_libdrive.o(i.DrawFont_GBK12B) refers to lcd.o(.data) for BACK_COLOR
    gbk_libdrive.o(i.DrawFont_GBK16B) refers to gbk_libdrive.o(i.GBK_Show_Str) for GBK_Show_Str
    gbk_libdrive.o(i.DrawFont_GBK16B) refers to lcd.o(.bss) for lcddev
    gbk_libdrive.o(i.DrawFont_GBK16B) refers to lcd.o(.data) for BACK_COLOR
    gbk_libdrive.o(i.DrawFont_GBK24B) refers to gbk_libdrive.o(i.GBK_Show_Str) for GBK_Show_Str
    gbk_libdrive.o(i.DrawFont_GBK24B) refers to lcd.o(.bss) for lcddev
    gbk_libdrive.o(i.DrawFont_GBK24B) refers to lcd.o(.data) for BACK_COLOR
    gbk_libdrive.o(i.DrawFont_GBK32B) refers to gbk_libdrive.o(i.GBK_Show_Str) for GBK_Show_Str
    gbk_libdrive.o(i.DrawFont_GBK32B) refers to lcd.o(.bss) for lcddev
    gbk_libdrive.o(i.DrawFont_GBK32B) refers to lcd.o(.data) for BACK_COLOR
    gbk_libdrive.o(i.FontLib_Read) refers to stm32f10x_gpio.o(i.GPIO_SetBits) for GPIO_SetBits
    gbk_libdrive.o(i.FontLib_Read) refers to gbk_libdrive.o(i.GBK_delay) for GBK_delay
    gbk_libdrive.o(i.FontLib_Read) refers to lcd.o(i.SPI2_ReadWriteByte) for SPI2_ReadWriteByte
    gbk_libdrive.o(i.FontLib_Read) refers to stm32f10x_gpio.o(i.GPIO_ResetBits) for GPIO_ResetBits
    gbk_libdrive.o(i.GBK_GetASC_Point) refers to gbk_libdrive.o(i.FontLib_Read) for FontLib_Read
    gbk_libdrive.o(i.GBK_LibFont_Test) refers to lcd.o(i.LCD_Clear) for LCD_Clear
    gbk_libdrive.o(i.GBK_LibFont_Test) refers to gbk_libdrive.o(i.DrawFont_GBK16B) for DrawFont_GBK16B
    gbk_libdrive.o(i.GBK_LibFont_Test) refers to delay.o(i.delay_ms) for delay_ms
    gbk_libdrive.o(i.GBK_LibFont_Test) refers to gbk_libdrive.o(i.GBK_Show_Str) for GBK_Show_Str
    gbk_libdrive.o(i.GBK_LibFont_Test) refers to gbk_libdrive.o(i.DrawFont_GBK12B) for DrawFont_GBK12B
    gbk_libdrive.o(i.GBK_LibFont_Test) refers to gbk_libdrive.o(i.GBK_Show_StrMid) for GBK_Show_StrMid
    gbk_libdrive.o(i.GBK_LibFont_Test) refers to gbk_libdrive.o(i.DrawFont_GBK32B) for DrawFont_GBK32B
    gbk_libdrive.o(i.GBK_LibFont_Test) refers to gbk_libdrive.o(i.DrawFontASC_GBK48B) for DrawFontASC_GBK48B
    gbk_libdrive.o(i.GBK_LibFont_Test) refers to gbk_libdrive.o(i.DrawFontASC_GBK64B) for DrawFontASC_GBK64B
[...]
    entry2.o(__vectab_stack_and_reset_area) refers to entry.o(.ARM.Collect$$$$00000000) for __main
    entry5.o(.ARM.Collect$$$$00000004) refers to init.o(.text) for __scatterload
    entry9a.o(.ARM.Collect$$$$0000000B) refers to main.o(i.main) for main
    entry9b.o(.ARM.Collect$$$$0000000C) refers to main.o(i.main) for main
    init.o(.text) refers to entry5.o(.ARM.Collect$$$$00000004) for __main_after_scatterload


==============================================================================

Removing Unused input sections from the image.

    Removing system_stm32f10x.o(i.SystemCoreClockUpdate), (164 bytes).
    Removing gbk_libdrive.o(i.DrawFontASC_GBK48B), (80 bytes).
    Removing gbk_libdrive.o(i.DrawFontASC_GBK64B), (80 bytes).
    Removing gbk_libdrive.o(i.DrawFont_GBK12B), (80 bytes).
    Removing gbk_libdrive.o(i.DrawFont_GBK24B), (80 bytes).
    Removing gbk_libdrive.o(i.DrawFont_GBK32B), (80 bytes).
    Removing gbk_libdrive.o(i.GBK_LibFont_Test), (624 bytes).
    Removing gbk_libdrive.o(i.GBK_Show_StrMid), (124 bytes).
    Removing dis_picture.o(i.Show_Picture), (160 bytes).
    Removing lcd.o(i.Color_Test), (276 bytes).
    Removing lcd.o(i.Demo_Menu), (256 bytes).
    Removing lcd.o(i.DisplayButtonDown), (130 bytes).
    Removing lcd.o(i.DisplayButtonUp), (130 bytes).
    Removing lcd.o(i.Draw_Test), (244 bytes).
    Removing lcd.o(i.LCD_Color_Fill), (100 bytes).
    Removing lcd.o(i.LCD_DisplayOff), (10 bytes).
    Removing lcd.o(i.LCD_DisplayOn), (10 bytes).
    Removing lcd.o(i.LCD_DrawPoint), (32 bytes).
    Removing lcd.o(i.LCD_DrawRectangle), (74 bytes).
    Removing lcd.o(i.LCD_Draw_Circle), (170 bytes).
    Removing lcd.o(i.LCD_Fill), (100 bytes).
    Removing lcd.o(i.LCD_HardwareRest), (44 bytes).
    Removing lcd.o(i.LCD_Pow), (22 bytes).
    Removing lcd.o(i.LCD_ShowNum), (152 bytes).
    Removing lcd.o(i.LCD_ShowxNum), (198 bytes).
    Removing lcd.o(i.LCD_WriteRAM), (12 bytes).
    Removing picture.o(.constdata), (40960 bytes).
    Removing text.o(i.Draw_Font24B), (64 bytes).
    Removing delay.o(i.delay_us), (76 bytes).
    Removing usart.o(i._sys_exit), (4 bytes).
    Removing usart.o(i.fputc), (28 bytes).
    Removing core_cm3.o(.emb_text), (32 bytes).
    Removing startup_stm32f10x_hd.o(HEAP), (512 bytes).
    Removing misc.o(i.NVIC_SetVectorTable), (20 bytes).
    Removing misc.o(i.NVIC_SystemLPConfig), (32 bytes).
    Removing stm32f10x_adc.o(i.ADC_AnalogWatchdogCmd), (20 bytes).
    Removing stm32f10x_adc.o(i.ADC_AnalogWatchdogSingleChannelConfig), (16 bytes).
    Removing stm32f10x_adc.o(i.ADC_AnalogWatchdogThresholdsConfig), (6 bytes).
    Removing stm32f10x_adc.o(i.ADC_AutoInjectedConvCmd), (22 bytes).
    Removing stm32f10x_adc.o(i.ADC_ClearFlag), (6 bytes).
    Removing stm32f10x_adc.o(i.ADC_ClearITPendingBit), (10 bytes).
    Removing stm32f10x_adc.o(i.ADC_DMACmd), (22 bytes).
    Removing stm32f10x_adc.o(i.ADC_DeInit), (92 bytes).
    Removing stm32f10x_adc.o(i.ADC_DiscModeChannelCountConfig), (24 bytes).
    Removing stm32f10x_adc.o(i.ADC_DiscModeCmd), (22 bytes).
    Removing stm32f10x_adc.o(i.ADC_ExternalTrigConvCmd), (22 bytes).
    Removing stm32f10x_adc.o(i.ADC_ExternalTrigInjectedConvCmd), (22 bytes).
    Removing stm32f10x_adc.o(i.ADC_ExternalTrigInjectedConvConfig), (16 bytes).
    Removing stm32f10x_adc.o(i.ADC_GetDualModeConversionValue), (12 bytes).
    Removing stm32f10x_adc.o(i.ADC_GetITStatus), (36 bytes).
    Removing stm32f10x_adc.o(i.ADC_GetInjectedConversionValue), (28 bytes).
    Removing stm32f10x_adc.o(i.ADC_GetSoftwareStartConvStatus), (20 bytes).
    Removing stm32f10x_adc.o(i.ADC_GetSoftwareStartInjectedConvCmdStatus), (20 bytes).
    Removing stm32f10x_adc.o(i.ADC_ITConfig), (24 bytes).
    Removing stm32f10x_adc.o(i.ADC_InjectedChannelConfig), (130 bytes).
    Removing stm32f10x_adc.o(i.ADC_InjectedDiscModeCmd), (22 bytes).
    Removing stm32f10x_adc.o(i.ADC_InjectedSequencerLengthConfig), (24 bytes).
    Removing stm32f10x_adc.o(i.ADC_SetInjectedOffset), (20 bytes).
    Removing stm32f10x_adc.o(i.ADC_SoftwareStartInjectedConvCmd), (22 bytes).
    Removing stm32f10x_adc.o(i.ADC_StructInit), (18 bytes).
    Removing stm32f10x_adc.o(i.ADC_TempSensorVrefintCmd), (36 bytes).
    Removing stm32f10x_bkp.o(i.BKP_ClearFlag), (20 bytes).
    Removing stm32f10x_bkp.o(i.BKP_ClearITPendingBit), (20 bytes).
    Removing stm32f10x_bkp.o(i.BKP_DeInit), (16 bytes).
    Removing stm32f10x_bkp.o(i.BKP_GetFlagStatus), (12 bytes).
    Removing stm32f10x_bkp.o(i.BKP_GetITStatus), (12 bytes).
    Removing stm32f10x_bkp.o(i.BKP_ITConfig), (12 bytes).
    Removing stm32f10x_bkp.o(i.BKP_RTCOutputConfig), (28 bytes).
    Removing stm32f10x_bkp.o(i.BKP_ReadBackupRegister), (28 bytes).
    Removing stm32f10x_bkp.o(i.BKP_SetRTCCalibrationValue), (28 bytes).
    Removing stm32f10x_bkp.o(i.BKP_TamperPinCmd), (12 bytes).
    Removing stm32f10x_bkp.o(i.BKP_TamperPinLevelConfig), (12 bytes).
    Removing stm32f10x_bkp.o(i.BKP_WriteBackupRegister), (28 bytes).
    Removing stm32f10x_can.o(i.CAN_CancelTransmit), (48 bytes).
    Removing stm32f10x_can.o(i.CAN_ClearFlag), (56 bytes).
    Removing stm32f10x_can.o(i.CAN_ClearITPendingBit), (168 bytes).
    Removing stm32f10x_can.o(i.CAN_DBGFreeze), (22 bytes).
    Removing stm32f10x_can.o(i.CAN_DeInit), (56 bytes).
    Removing stm32f10x_can.o(i.CAN_FIFORelease), (22 bytes).
    Removing stm32f10x_can.o(i.CAN_FilterInit), (264 bytes).
    Removing stm32f10x_can.o(i.CAN_GetFlagStatus), (120 bytes).
    Removing stm32f10x_can.o(i.CAN_GetITStatus), (288 bytes).
    Removing stm32f10x_can.o(i.CAN_GetLSBTransmitErrorCounter), (12 bytes).
    Removing stm32f10x_can.o(i.CAN_GetLastErrorCode), (12 bytes).
    Removing stm32f10x_can.o(i.CAN_GetReceiveErrorCounter), (10 bytes).
    Removing stm32f10x_can.o(i.CAN_ITConfig), (18 bytes).
    Removing stm32f10x_can.o(i.CAN_Init), (276 bytes).
    Removing stm32f10x_can.o(i.CAN_MessagePending), (30 bytes).
    Removing stm32f10x_can.o(i.CAN_OperatingModeRequest), (162 bytes).
    Removing stm32f10x_can.o(i.CAN_Receive), (240 bytes).
    Removing stm32f10x_can.o(i.CAN_SlaveStartBank), (52 bytes).
    Removing stm32f10x_can.o(i.CAN_Sleep), (30 bytes).
    Removing stm32f10x_can.o(i.CAN_StructInit), (32 bytes).
    Removing stm32f10x_can.o(i.CAN_TTComModeCmd), (118 bytes).
    Removing stm32f10x_can.o(i.CAN_Transmit), (294 bytes).
    Removing stm32f10x_can.o(i.CAN_TransmitStatus), (160 bytes).
    Removing stm32f10x_can.o(i.CAN_WakeUp), (48 bytes).
    Removing stm32f10x_can.o(i.CheckITStatus), (18 bytes).
    Removing stm32f10x_cec.o(i.CEC_ClearFlag), (36 bytes).
    Removing stm32f10x_cec.o(i.CEC_ClearITPendingBit), (36 bytes).
    Removing stm32f10x_cec.o(i.CEC_Cmd), (32 bytes).
    Removing stm32f10x_cec.o(i.CEC_DeInit), (22 bytes).
    Removing stm32f10x_cec.o(i.CEC_EndOfMessageCmd), (12 bytes).
    Removing stm32f10x_cec.o(i.CEC_GetFlagStatus), (48 bytes).
    Removing stm32f10x_cec.o(i.CEC_GetITStatus), (40 bytes).
    Removing stm32f10x_cec.o(i.CEC_ITConfig), (12 bytes).
    Removing stm32f10x_cec.o(i.CEC_Init), (32 bytes).
    Removing stm32f10x_cec.o(i.CEC_OwnAddressConfig), (12 bytes).
    Removing stm32f10x_cec.o(i.CEC_ReceiveDataByte), (12 bytes).
    Removing stm32f10x_cec.o(i.CEC_SendDataByte), (12 bytes).
    Removing stm32f10x_cec.o(i.CEC_SetPrescaler), (12 bytes).
    Removing stm32f10x_cec.o(i.CEC_StartOfMessage), (12 bytes).
    Removing stm32f10x_crc.o(i.CRC_CalcBlockCRC), (36 bytes).
    Removing stm32f10x_crc.o(i.CRC_CalcCRC), (16 bytes).
    Removing stm32f10x_crc.o(i.CRC_GetCRC), (12 bytes).
    Removing stm32f10x_crc.o(i.CRC_GetIDRegister), (12 bytes).
    Removing stm32f10x_crc.o(i.CRC_ResetDR), (12 bytes).
    Removing stm32f10x_crc.o(i.CRC_SetIDRegister), (12 bytes).
    Removing stm32f10x_dac.o(i.DAC_Cmd), (40 bytes).
    Removing stm32f10x_dac.o(i.DAC_DMACmd), (44 bytes).
    Removing stm32f10x_dac.o(i.DAC_DeInit), (22 bytes).
    Removing stm32f10x_dac.o(i.DAC_DualSoftwareTriggerCmd), (36 bytes).
    Removing stm32f10x_dac.o(i.DAC_GetDataOutputValue), (36 bytes).
    Removing stm32f10x_dac.o(i.DAC_Init), (52 bytes).
    Removing stm32f10x_dac.o(i.DAC_SetChannel1Data), (32 bytes).
    Removing stm32f10x_dac.o(i.DAC_SetChannel2Data), (32 bytes).
    Removing stm32f10x_dac.o(i.DAC_SetDualChannelData), (36 bytes).
    Removing stm32f10x_dac.o(i.DAC_SoftwareTriggerCmd), (44 bytes).
    Removing stm32f10x_dac.o(i.DAC_StructInit), (12 bytes).
    Removing stm32f10x_dac.o(i.DAC_WaveGenerationCmd), (40 bytes).
    Removing stm32f10x_dbgmcu.o(i.DBGMCU_Config), (32 bytes).
    Removing stm32f10x_dbgmcu.o(i.DBGMCU_GetDEVID), (16 bytes).
    Removing stm32f10x_dbgmcu.o(i.DBGMCU_GetREVID), (12 bytes).
    Removing stm32f10x_dma.o(i.DMA_ClearFlag), (28 bytes).
    Removing stm32f10x_dma.o(i.DMA_ClearITPendingBit), (28 bytes).
    Removing stm32f10x_dma.o(i.DMA_Cmd), (24 bytes).
    Removing stm32f10x_dma.o(i.DMA_DeInit), (332 bytes).
    Removing stm32f10x_dma.o(i.DMA_GetCurrDataCounter), (8 bytes).
    Removing stm32f10x_dma.o(i.DMA_GetFlagStatus), (44 bytes).
    Removing stm32f10x_dma.o(i.DMA_GetITStatus), (44 bytes).
    Removing stm32f10x_dma.o(i.DMA_ITConfig), (18 bytes).
    Removing stm32f10x_dma.o(i.DMA_Init), (60 bytes).
    Removing stm32f10x_dma.o(i.DMA_SetCurrDataCounter), (4 bytes).
    Removing stm32f10x_dma.o(i.DMA_StructInit), (26 bytes).
    Removing stm32f10x_exti.o(i.EXTI_ClearFlag), (12 bytes).
    Removing stm32f10x_exti.o(i.EXTI_ClearITPendingBit), (12 bytes).
    Removing stm32f10x_exti.o(i.EXTI_DeInit), (36 bytes).
    Removing stm32f10x_exti.o(i.EXTI_GenerateSWInterrupt), (16 bytes).
    Removing stm32f10x_exti.o(i.EXTI_GetFlagStatus), (24 bytes).
    Removing stm32f10x_exti.o(i.EXTI_GetITStatus), (40 bytes).
    Removing stm32f10x_exti.o(i.EXTI_Init), (148 bytes).
    Removing stm32f10x_exti.o(i.EXTI_StructInit), (16 bytes).
    Removing stm32f10x_flash.o(i.FLASH_ClearFlag), (12 bytes).
    Removing stm32f10x_flash.o(i.FLASH_EnableWriteProtection), (196 bytes).
    Removing stm32f10x_flash.o(i.FLASH_EraseAllBank1Pages), (72 bytes).
    Removing stm32f10x_flash.o(i.FLASH_EraseAllPages), (72 bytes).
    Removing stm32f10x_flash.o(i.FLASH_EraseOptionBytes), (168 bytes).
    Removing stm32f10x_flash.o(i.FLASH_ErasePage), (76 bytes).
    Removing stm32f10x_flash.o(i.FLASH_GetBank1Status), (52 bytes).
    Removing stm32f10x_flash.o(i.FLASH_GetFlagStatus), (48 bytes).
    Removing stm32f10x_flash.o(i.FLASH_GetPrefetchBufferStatus), (24 bytes).
    Removing stm32f10x_flash.o(i.FLASH_GetReadOutProtectionStatus), (24 bytes).
    Removing stm32f10x_flash.o(i.FLASH_GetStatus), (52 bytes).
    Removing stm32f10x_flash.o(i.FLASH_GetUserOptionByte), (12 bytes).
    Removing stm32f10x_flash.o(i.FLASH_GetWriteProtectionOptionByte), (12 bytes).
    Removing stm32f10x_flash.o(i.FLASH_HalfCycleAccessCmd), (28 bytes).
    Removing stm32f10x_flash.o(i.FLASH_ITConfig), (32 bytes).
    Removing stm32f10x_flash.o(i.FLASH_Lock), (20 bytes).
    Removing stm32f10x_flash.o(i.FLASH_LockBank1), (20 bytes).
    Removing stm32f10x_flash.o(i.FLASH_PrefetchBufferCmd), (28 bytes).
    Removing stm32f10x_flash.o(i.FLASH_ProgramHalfWord), (64 bytes).
    Removing stm32f10x_flash.o(i.FLASH_ProgramOptionByteData), (84 bytes).
    Removing stm32f10x_flash.o(i.FLASH_ProgramWord), (108 bytes).
    Removing stm32f10x_flash.o(i.FLASH_ReadOutProtection), (172 bytes).
    Removing stm32f10x_flash.o(i.FLASH_SetLatency), (24 bytes).
    Removing stm32f10x_flash.o(i.FLASH_Unlock), (24 bytes).
    Removing stm32f10x_flash.o(i.FLASH_UnlockBank1), (24 bytes).
    Removing stm32f10x_flash.o(i.FLASH_UserOptionByteConfig), (104 bytes).
    Removing stm32f10x_flash.o(i.FLASH_WaitForLastBank1Operation), (38 bytes).
    Removing stm32f10x_flash.o(i.FLASH_WaitForLastOperation), (38 bytes).
    Removing stm32f10x_fsmc.o(i.FSMC_ClearFlag), (64 bytes).
    Removing stm32f10x_fsmc.o(i.FSMC_ClearITPendingBit), (72 bytes).
    Removing stm32f10x_fsmc.o(i.FSMC_GetECC), (28 bytes).
    Removing stm32f10x_fsmc.o(i.FSMC_GetFlagStatus), (56 bytes).
    Removing stm32f10x_fsmc.o(i.FSMC_GetITStatus), (68 bytes).
    Removing stm32f10x_fsmc.o(i.FSMC_ITConfig), (128 bytes).
    Removing stm32f10x_fsmc.o(i.FSMC_NANDCmd), (92 bytes).
    Removing stm32f10x_fsmc.o(i.FSMC_NANDDeInit), (68 bytes).
    Removing stm32f10x_fsmc.o(i.FSMC_NANDECCCmd), (92 bytes).
    Removing stm32f10x_fsmc.o(i.FSMC_NANDInit), (136 bytes).
    Removing stm32f10x_fsmc.o(i.FSMC_NANDStructInit), (54 bytes).
    Removing stm32f10x_fsmc.o(i.FSMC_NORSRAMCmd), (52 bytes).
    Removing stm32f10x_fsmc.o(i.FSMC_NORSRAMDeInit), (54 bytes).
    Removing stm32f10x_fsmc.o(i.FSMC_NORSRAMInit), (230 bytes).
    Removing stm32f10x_fsmc.o(i.FSMC_NORSRAMStructInit), (114 bytes).
    Removing stm32f10x_fsmc.o(i.FSMC_PCCARDCmd), (48 bytes).
    Removing stm32f10x_fsmc.o(i.FSMC_PCCARDDeInit), (40 bytes).
    Removing stm32f10x_fsmc.o(i.FSMC_PCCARDInit), (132 bytes).
    Removing stm32f10x_fsmc.o(i.FSMC_PCCARDStructInit), (60 bytes).
    Removing stm32f10x_gpio.o(i.GPIO_AFIODeInit), (20 bytes).
    Removing stm32f10x_gpio.o(i.GPIO_DeInit), (200 bytes).
    Removing stm32f10x_gpio.o(i.GPIO_ETH_MediaInterfaceConfig), (12 bytes).
    Removing stm32f10x_gpio.o(i.GPIO_EXTILineConfig), (64 bytes).
    Removing stm32f10x_gpio.o(i.GPIO_EventOutputCmd), (12 bytes).
    Removing stm32f10x_gpio.o(i.GPIO_EventOutputConfig), (32 bytes).
    Removing stm32f10x_gpio.o(i.GPIO_PinLockConfig), (18 bytes).
    Removing stm32f10x_gpio.o(i.GPIO_PinRemapConfig), (144 bytes).
    Removing stm32f10x_gpio.o(i.GPIO_ReadInputData), (8 bytes).
    Removing stm32f10x_gpio.o(i.GPIO_ReadOutputData), (8 bytes).
    Removing stm32f10x_gpio.o(i.GPIO_ReadOutputDataBit), (18 bytes).
    Removing stm32f10x_gpio.o(i.GPIO_StructInit), (16 bytes).
    Removing stm32f10x_gpio.o(i.GPIO_Write), (4 bytes).
    Removing stm32f10x_gpio.o(i.GPIO_WriteBit), (10 bytes).
    Removing stm32f10x_i2c.o(i.I2C_ARPCmd), (24 bytes).
    Removing stm32f10x_i2c.o(i.I2C_AcknowledgeConfig), (24 bytes).
    Removing stm32f10x_i2c.o(i.I2C_CalculatePEC), (24 bytes).
    Removing stm32f10x_i2c.o(i.I2C_CheckEvent), (42 bytes).
    Removing stm32f10x_i2c.o(i.I2C_ClearFlag), (12 bytes).
    Removing stm32f10x_i2c.o(i.I2C_ClearITPendingBit), (12 bytes).
    Removing stm32f10x_i2c.o(i.I2C_Cmd), (24 bytes).
    Removing stm32f10x_i2c.o(i.I2C_DMACmd), (24 bytes).
    Removing stm32f10x_i2c.o(i.I2C_DMALastTransferCmd), (24 bytes).
    Removing stm32f10x_i2c.o(i.I2C_DeInit), (56 bytes).
    Removing stm32f10x_i2c.o(i.I2C_DualAddressCmd), (24 bytes).
    Removing stm32f10x_i2c.o(i.I2C_FastModeDutyCycleConfig), (28 bytes).
    Removing stm32f10x_i2c.o(i.I2C_GeneralCallCmd), (24 bytes).
    Removing stm32f10x_i2c.o(i.I2C_GenerateSTART), (24 bytes).
    Removing stm32f10x_i2c.o(i.I2C_GenerateSTOP), (24 bytes).
    Removing stm32f10x_i2c.o(i.I2C_GetFlagStatus), (58 bytes).
    Removing stm32f10x_i2c.o(i.I2C_GetITStatus), (38 bytes).
    Removing stm32f10x_i2c.o(i.I2C_GetLastEvent), (26 bytes).
    Removing stm32f10x_i2c.o(i.I2C_GetPEC), (8 bytes).
    Removing stm32f10x_i2c.o(i.I2C_ITConfig), (18 bytes).
    Removing stm32f10x_i2c.o(i.I2C_Init), (236 bytes).
    Removing stm32f10x_i2c.o(i.I2C_NACKPositionConfig), (28 bytes).
    Removing stm32f10x_i2c.o(i.I2C_OwnAddress2Config), (22 bytes).
    Removing stm32f10x_i2c.o(i.I2C_PECPositionConfig), (28 bytes).
    Removing stm32f10x_i2c.o(i.I2C_ReadRegister), (22 bytes).
    Removing stm32f10x_i2c.o(i.I2C_ReceiveData), (8 bytes).
    Removing stm32f10x_i2c.o(i.I2C_SMBusAlertConfig), (28 bytes).
    Removing stm32f10x_i2c.o(i.I2C_Send7bitAddress), (18 bytes).
    Removing stm32f10x_i2c.o(i.I2C_SendData), (4 bytes).
    Removing stm32f10x_i2c.o(i.I2C_SoftwareResetCmd), (22 bytes).
    Removing stm32f10x_i2c.o(i.I2C_StretchClockCmd), (24 bytes).
    Removing stm32f10x_i2c.o(i.I2C_StructInit), (30 bytes).
    Removing stm32f10x_i2c.o(i.I2C_TransmitPEC), (24 bytes).
    Removing stm32f10x_iwdg.o(i.IWDG_Enable), (16 bytes).
    Removing stm32f10x_iwdg.o(i.IWDG_GetFlagStatus), (24 bytes).
    Removing stm32f10x_iwdg.o(i.IWDG_ReloadCounter), (16 bytes).
    Removing stm32f10x_iwdg.o(i.IWDG_SetPrescaler), (12 bytes).
    Removing stm32f10x_iwdg.o(i.IWDG_SetReload), (12 bytes).
    Removing stm32f10x_iwdg.o(i.IWDG_WriteAccessCmd), (12 bytes).
    Removing stm32f10x_pwr.o(i.PWR_BackupAccessCmd), (12 bytes).
    Removing stm32f10x_pwr.o(i.PWR_ClearFlag), (20 bytes).
    Removing stm32f10x_pwr.o(i.PWR_DeInit), (22 bytes).
    Removing stm32f10x_pwr.o(i.PWR_EnterSTANDBYMode), (52 bytes).
    Removing stm32f10x_pwr.o(i.PWR_EnterSTOPMode), (64 bytes).
    Removing stm32f10x_pwr.o(i.PWR_GetFlagStatus), (24 bytes).
    Removing stm32f10x_pwr.o(i.PWR_PVDCmd), (12 bytes).
    Removing stm32f10x_pwr.o(i.PWR_PVDLevelConfig), (24 bytes).
    Removing stm32f10x_pwr.o(i.PWR_WakeUpPinCmd), (12 bytes).
    Removing stm32f10x_rcc.o(i.RCC_AHBPeriphClockCmd), (32 bytes).
    Removing stm32f10x_rcc.o(i.RCC_APB2PeriphResetCmd), (32 bytes).
    Removing stm32f10x_rcc.o(i.RCC_AdjustHSICalibrationValue), (24 bytes).
    Removing stm32f10x_rcc.o(i.RCC_BackupResetCmd), (12 bytes).
    Removing stm32f10x_rcc.o(i.RCC_ClearFlag), (20 bytes).
    Removing stm32f10x_rcc.o(i.RCC_ClearITPendingBit), (12 bytes).
    Removing stm32f10x_rcc.o(i.RCC_ClockSecuritySystemCmd), (12 bytes).
    Removing stm32f10x_rcc.o(i.RCC_DeInit), (76 bytes).
    Removing stm32f10x_rcc.o(i.RCC_GetFlagStatus), (60 bytes).
    Removing stm32f10x_rcc.o(i.RCC_GetITStatus), (24 bytes).
    Removing stm32f10x_rcc.o(i.RCC_GetSYSCLKSource), (16 bytes).
    Removing stm32f10x_rcc.o(i.RCC_HCLKConfig), (24 bytes).
    Removing stm32f10x_rcc.o(i.RCC_HSEConfig), (76 bytes).
    Removing stm32f10x_rcc.o(i.RCC_HSICmd), (12 bytes).
    Removing stm32f10x_rcc.o(i.RCC_ITConfig), (32 bytes).
    Removing stm32f10x_rcc.o(i.RCC_LSEConfig), (52 bytes).
    Removing stm32f10x_rcc.o(i.RCC_LSICmd), (12 bytes).
    Removing stm32f10x_rcc.o(i.RCC_MCOConfig), (12 bytes).
    Removing stm32f10x_rcc.o(i.RCC_PCLK1Config), (24 bytes).
    Removing stm32f10x_rcc.o(i.RCC_PCLK2Config), (24 bytes).
    Removing stm32f10x_rcc.o(i.RCC_PLLCmd), (12 bytes).
    Removing stm32f10x_rcc.o(i.RCC_PLLConfig), (28 bytes).
    Removing stm32f10x_rcc.o(i.RCC_RTCCLKCmd), (12 bytes).
    Removing stm32f10x_rcc.o(i.RCC_RTCCLKConfig), (16 bytes).
    Removing stm32f10x_rcc.o(i.RCC_SYSCLKConfig), (24 bytes).
    Removing stm32f10x_rcc.o(i.RCC_USBCLKConfig), (12 bytes).
    Removing stm32f10x_rcc.o(i.RCC_WaitForHSEStartUp), (56 bytes).
    Removing stm32f10x_rtc.o(i.RTC_ClearFlag), (16 bytes).
    Removing stm32f10x_rtc.o(i.RTC_ClearITPendingBit), (16 bytes).
    Removing stm32f10x_rtc.o(i.RTC_EnterConfigMode), (20 bytes).
    Removing stm32f10x_rtc.o(i.RTC_ExitConfigMode), (20 bytes).
    Removing stm32f10x_rtc.o(i.RTC_GetCounter), (20 bytes).
    Removing stm32f10x_rtc.o(i.RTC_GetDivider), (24 bytes).
    Removing stm32f10x_rtc.o(i.RTC_GetFlagStatus), (24 bytes).
    Removing stm32f10x_rtc.o(i.RTC_GetITStatus), (36 bytes).
    Removing stm32f10x_rtc.o(i.RTC_ITConfig), (32 bytes).
    Removing stm32f10x_rtc.o(i.RTC_SetAlarm), (28 bytes).
    Removing stm32f10x_rtc.o(i.RTC_SetCounter), (28 bytes).
    Removing stm32f10x_rtc.o(i.RTC_SetPrescaler), (32 bytes).
    Removing stm32f10x_rtc.o(i.RTC_WaitForLastTask), (20 bytes).
    Removing stm32f10x_rtc.o(i.RTC_WaitForSynchro), (36 bytes).
    Removing stm32f10x_sdio.o(i.SDIO_CEATAITCmd), (16 bytes).
    Removing stm32f10x_sdio.o(i.SDIO_ClearFlag), (12 bytes).
    Removing stm32f10x_sdio.o(i.SDIO_ClearITPendingBit), (12 bytes).
    Removing stm32f10x_sdio.o(i.SDIO_ClockCmd), (12 bytes).
    Removing stm32f10x_sdio.o(i.SDIO_CmdStructInit), (14 bytes).
    Removing stm32f10x_sdio.o(i.SDIO_CommandCompletionCmd), (12 bytes).
    Removing stm32f10x_sdio.o(i.SDIO_DMACmd), (12 bytes).
    Removing stm32f10x_sdio.o(i.SDIO_DataConfig), (48 bytes).
    Removing stm32f10x_sdio.o(i.SDIO_DataStructInit), (20 bytes).
    Removing stm32f10x_sdio.o(i.SDIO_DeInit), (36 bytes).
    Removing stm32f10x_sdio.o(i.SDIO_GetCommandResponse), (12 bytes).
    Removing stm32f10x_sdio.o(i.SDIO_GetDataCounter), (12 bytes).
    Removing stm32f10x_sdio.o(i.SDIO_GetFIFOCount), (12 bytes).
    Removing stm32f10x_sdio.o(i.SDIO_GetFlagStatus), (24 bytes).
    Removing stm32f10x_sdio.o(i.SDIO_GetITStatus), (24 bytes).
    Removing stm32f10x_sdio.o(i.SDIO_GetPowerState), (16 bytes).
    Removing stm32f10x_sdio.o(i.SDIO_GetResponse), (24 bytes).
    Removing stm32f10x_sdio.o(i.SDIO_ITConfig), (32 bytes).
    Removing stm32f10x_sdio.o(i.SDIO_Init), (48 bytes).
    Removing stm32f10x_sdio.o(i.SDIO_ReadData), (12 bytes).
    Removing stm32f10x_sdio.o(i.SDIO_SendCEATACmd), (12 bytes).
    Removing stm32f10x_sdio.o(i.SDIO_SendCommand), (44 bytes).
    Removing stm32f10x_sdio.o(i.SDIO_SendSDIOSuspendCmd), (12 bytes).
    Removing stm32f10x_sdio.o(i.SDIO_SetPowerState), (28 bytes).
    Removing stm32f10x_sdio.o(i.SDIO_SetSDIOOperation), (12 bytes).
    Removing stm32f10x_sdio.o(i.SDIO_SetSDIOReadWaitMode), (12 bytes).
    Removing stm32f10x_sdio.o(i.SDIO_StartSDIOReadWait), (12 bytes).
    Removing stm32f10x_sdio.o(i.SDIO_StopSDIOReadWait), (12 bytes).
    Removing stm32f10x_sdio.o(i.SDIO_StructInit), (16 bytes).
    Removing stm32f10x_sdio.o(i.SDIO_WriteData), (12 bytes).
    Removing stm32f10x_spi.o(i.I2S_Cmd), (24 bytes).
    Removing stm32f10x_spi.o(i.I2S_Init), (232 bytes).
    Removing stm32f10x_spi.o(i.I2S_StructInit), (20 bytes).
    Removing stm32f10x_spi.o(i.SPI_BiDirectionalLineConfig), (28 bytes).
    Removing stm32f10x_spi.o(i.SPI_CalculateCRC), (24 bytes).
    Removing stm32f10x_spi.o(i.SPI_DataSizeConfig), (18 bytes).
    Removing stm32f10x_spi.o(i.SPI_GetCRC), (16 bytes).
    Removing stm32f10x_spi.o(i.SPI_GetCRCPolynomial), (6 bytes).
    Removing stm32f10x_spi.o(i.SPI_I2S_ClearFlag), (6 bytes).
    Removing stm32f10x_spi.o(i.SPI_I2S_ClearITPendingBit), (20 bytes).
    Removing stm32f10x_spi.o(i.SPI_I2S_DMACmd), (18 bytes).
    Removing stm32f10x_spi.o(i.SPI_I2S_DeInit), (88 bytes).
    Removing stm32f10x_spi.o(i.SPI_I2S_GetITStatus), (52 bytes).
    Removing stm32f10x_spi.o(i.SPI_I2S_ITConfig), (32 bytes).
    Removing stm32f10x_spi.o(i.SPI_NSSInternalSoftwareConfig), (30 bytes).
    Removing stm32f10x_spi.o(i.SPI_SSOutputCmd), (24 bytes).
    Removing stm32f10x_spi.o(i.SPI_StructInit), (24 bytes).
    Removing stm32f10x_spi.o(i.SPI_TransmitCRC), (10 bytes).
    Removing stm32f10x_tim.o(i.TI1_Config), (128 bytes).
    Removing stm32f10x_tim.o(i.TI2_Config), (152 bytes).
    Removing stm32f10x_tim.o(i.TI3_Config), (144 bytes).
    Removing stm32f10x_tim.o(i.TI4_Config), (152 bytes).
    Removing stm32f10x_tim.o(i.TIM_ARRPreloadConfig), (24 bytes).
    Removing stm32f10x_tim.o(i.TIM_BDTRConfig), (32 bytes).
    Removing stm32f10x_tim.o(i.TIM_BDTRStructInit), (18 bytes).
    Removing stm32f10x_tim.o(i.TIM_CCPreloadControl), (24 bytes).
    Removing stm32f10x_tim.o(i.TIM_CCxCmd), (30 bytes).
    Removing stm32f10x_tim.o(i.TIM_CCxNCmd), (30 bytes).
    Removing stm32f10x_tim.o(i.TIM_ClearFlag), (6 bytes).
    Removing stm32f10x_tim.o(i.TIM_ClearITPendingBit), (6 bytes).
    Removing stm32f10x_tim.o(i.TIM_ClearOC1Ref), (18 bytes).
    Removing stm32f10x_tim.o(i.TIM_ClearOC2Ref), (24 bytes).
    Removing stm32f10x_tim.o(i.TIM_ClearOC3Ref), (18 bytes).
    Removing stm32f10x_tim.o(i.TIM_ClearOC4Ref), (24 bytes).
    Removing stm32f10x_tim.o(i.TIM_Cmd), (24 bytes).
    Removing stm32f10x_tim.o(i.TIM_CounterModeConfig), (18 bytes).
    Removing stm32f10x_tim.o(i.TIM_CtrlPWMOutputs), (30 bytes).
    Removing stm32f10x_tim.o(i.TIM_DMACmd), (18 bytes).
    Removing stm32f10x_tim.o(i.TIM_DMAConfig), (10 bytes).
    Removing stm32f10x_tim.o(i.TIM_DeInit), (488 bytes).
    Removing stm32f10x_tim.o(i.TIM_ETRClockMode1Config), (54 bytes).
    Removing stm32f10x_tim.o(i.TIM_ETRClockMode2Config), (32 bytes).
    Removing stm32f10x_tim.o(i.TIM_ETRConfig), (28 bytes).
    Removing stm32f10x_tim.o(i.TIM_EncoderInterfaceConfig), (66 bytes).
    Removing stm32f10x_tim.o(i.TIM_ForcedOC1Config), (18 bytes).
    Removing stm32f10x_tim.o(i.TIM_ForcedOC2Config), (26 bytes).
    Removing stm32f10x_tim.o(i.TIM_ForcedOC3Config), (18 bytes).
    Removing stm32f10x_tim.o(i.TIM_ForcedOC4Config), (26 bytes).
    Removing stm32f10x_tim.o(i.TIM_GenerateEvent), (4 bytes).
    Removing stm32f10x_tim.o(i.TIM_GetCapture1), (6 bytes).
    Removing stm32f10x_tim.o(i.TIM_GetCapture2), (6 bytes).
    Removing stm32f10x_tim.o(i.TIM_GetCapture3), (6 bytes).
    Removing stm32f10x_tim.o(i.TIM_GetCapture4), (8 bytes).
    Removing stm32f10x_tim.o(i.TIM_GetCounter), (6 bytes).
    Removing stm32f10x_tim.o(i.TIM_GetFlagStatus), (18 bytes).
    Removing stm32f10x_tim.o(i.TIM_GetITStatus), (34 bytes).
    Removing stm32f10x_tim.o(i.TIM_GetPrescaler), (6 bytes).
    Removing stm32f10x_tim.o(i.TIM_ICInit), (172 bytes).
    Removing stm32f10x_tim.o(i.TIM_ICStructInit), (18 bytes).
    Removing stm32f10x_tim.o(i.TIM_ITConfig), (18 bytes).
    Removing stm32f10x_tim.o(i.TIM_ITRxExternalClockConfig), (24 bytes).
    Removing stm32f10x_tim.o(i.TIM_InternalClockConfig), (12 bytes).
    Removing stm32f10x_tim.o(i.TIM_OC1FastConfig), (18 bytes).
    Removing stm32f10x_tim.o(i.TIM_OC1Init), (152 bytes).
    Removing stm32f10x_tim.o(i.TIM_OC1NPolarityConfig), (18 bytes).
    Removing stm32f10x_tim.o(i.TIM_OC1PolarityConfig), (18 bytes).
    Removing stm32f10x_tim.o(i.TIM_OC1PreloadConfig), (18 bytes).
    Removing stm32f10x_tim.o(i.TIM_OC2FastConfig), (26 bytes).
    Removing stm32f10x_tim.o(i.TIM_OC2Init), (164 bytes).
    Removing stm32f10x_tim.o(i.TIM_OC2NPolarityConfig), (26 bytes).
    Removing stm32f10x_tim.o(i.TIM_OC2PolarityConfig), (26 bytes).
    Removing stm32f10x_tim.o(i.TIM_OC2PreloadConfig), (26 bytes).
    Removing stm32f10x_tim.o(i.TIM_OC3FastConfig), (18 bytes).
    Removing stm32f10x_tim.o(i.TIM_OC3Init), (160 bytes).
    Removing stm32f10x_tim.o(i.TIM_OC3NPolarityConfig), (26 bytes).
    Removing stm32f10x_tim.o(i.TIM_OC3PolarityConfig), (26 bytes).
    Removing stm32f10x_tim.o(i.TIM_OC3PreloadConfig), (18 bytes).
    Removing stm32f10x_tim.o(i.TIM_OC4FastConfig), (26 bytes).
    Removing stm32f10x_tim.o(i.TIM_OC4Init), (124 bytes).
    Removing stm32f10x_tim.o(i.TIM_OC4PolarityConfig), (26 bytes).
    Removing stm32f10x_tim.o(i.TIM_OC4PreloadConfig), (26 bytes).
    Removing stm32f10x_tim.o(i.TIM_OCStructInit), (20 bytes).
    Removing stm32f10x_tim.o(i.TIM_PWMIConfig), (124 bytes).
    Removing stm32f10x_tim.o(i.TIM_PrescalerConfig), (6 bytes).
    Removing stm32f10x_tim.o(i.TIM_SelectCCDMA), (24 bytes).
    Removing stm32f10x_tim.o(i.TIM_SelectCOM), (24 bytes).
    Removing stm32f10x_tim.o(i.TIM_SelectHallSensor), (24 bytes).
    Removing stm32f10x_tim.o(i.TIM_SelectInputTrigger), (18 bytes).
    Removing stm32f10x_tim.o(i.TIM_SelectMasterSlaveMode), (18 bytes).
    Removing stm32f10x_tim.o(i.TIM_SelectOCxM), (82 bytes).
    Removing stm32f10x_tim.o(i.TIM_SelectOnePulseMode), (18 bytes).
    Removing stm32f10x_tim.o(i.TIM_SelectOutputTrigger), (18 bytes).
    Removing stm32f10x_tim.o(i.TIM_SelectSlaveMode), (18 bytes).
    Removing stm32f10x_tim.o(i.TIM_SetAutoreload), (4 bytes).
    Removing stm32f10x_tim.o(i.TIM_SetClockDivision), (18 bytes).
    Removing stm32f10x_tim.o(i.TIM_SetCompare1), (4 bytes).
    Removing stm32f10x_tim.o(i.TIM_SetCompare2), (4 bytes).
    Removing stm32f10x_tim.o(i.TIM_SetCompare3), (4 bytes).
    Removing stm32f10x_tim.o(i.TIM_SetCompare4), (6 bytes).
    Removing stm32f10x_tim.o(i.TIM_SetCounter), (4 bytes).
    Removing stm32f10x_tim.o(i.TIM_SetIC1Prescaler), (18 bytes).
    Removing stm32f10x_tim.o(i.TIM_SetIC2Prescaler), (26 bytes).
    Removing stm32f10x_tim.o(i.TIM_SetIC3Prescaler), (18 bytes).
    Removing stm32f10x_tim.o(i.TIM_SetIC4Prescaler), (26 bytes).
    Removing stm32f10x_tim.o(i.TIM_TIxExternalClockConfig), (62 bytes).
    Removing stm32f10x_tim.o(i.TIM_TimeBaseInit), (164 bytes).
    Removing stm32f10x_tim.o(i.TIM_TimeBaseStructInit), (18 bytes).
    Removing stm32f10x_tim.o(i.TIM_UpdateDisableConfig), (24 bytes).
    Removing stm32f10x_tim.o(i.TIM_UpdateRequestConfig), (24 bytes).
    Removing stm32f10x_usart.o(i.USART_ClearFlag), (18 bytes).
    Removing stm32f10x_usart.o(i.USART_ClearITPendingBit), (30 bytes).
    Removing stm32f10x_usart.o(i.USART_ClockInit), (34 bytes).
    Removing stm32f10x_usart.o(i.USART_ClockStructInit), (12 bytes).
    Removing stm32f10x_usart.o(i.USART_DMACmd), (18 bytes).
    Removing stm32f10x_usart.o(i.USART_DeInit), (156 bytes).
    Removing stm32f10x_usart.o(i.USART_GetFlagStatus), (26 bytes).
    Removing stm32f10x_usart.o(i.USART_HalfDuplexCmd), (24 bytes).
    Removing stm32f10x_usart.o(i.USART_IrDACmd), (24 bytes).
    Removing stm32f10x_usart.o(i.USART_IrDAConfig), (18 bytes).
    Removing stm32f10x_usart.o(i.USART_LINBreakDetectLengthConfig), (18 bytes).
    Removing stm32f10x_usart.o(i.USART_LINCmd), (24 bytes).
    Removing stm32f10x_usart.o(i.USART_OneBitMethodCmd), (24 bytes).
    Removing stm32f10x_usart.o(i.USART_OverSampling8Cmd), (22 bytes).
    Removing stm32f10x_usart.o(i.USART_ReceiverWakeUpCmd), (24 bytes).
    Removing stm32f10x_usart.o(i.USART_SendBreak), (10 bytes).
    Removing stm32f10x_usart.o(i.USART_SendData), (8 bytes).
    Removing stm32f10x_usart.o(i.USART_SetAddress), (18 bytes).
    Removing stm32f10x_usart.o(i.USART_SetGuardTime), (16 bytes).
    Removing stm32f10x_usart.o(i.USART_SetPrescaler), (16 bytes).
    Removing stm32f10x_usart.o(i.USART_SmartCardCmd), (24 bytes).
    Removing stm32f10x_usart.o(i.USART_SmartCardNACKCmd), (24 bytes).
    Removing stm32f10x_usart.o(i.USART_StructInit), (24 bytes).
    Removing stm32f10x_usart.o(i.USART_WakeUpConfig), (18 bytes).
    Removing stm32f10x_wwdg.o(i.WWDG_ClearFlag), (12 bytes).
    Removing stm32f10x_wwdg.o(i.WWDG_DeInit), (22 bytes).
    Removing stm32f10x_wwdg.o(i.WWDG_Enable), (16 bytes).
    Removing stm32f10x_wwdg.o(i.WWDG_EnableIT), (12 bytes).
    Removing stm32f10x_wwdg.o(i.WWDG_GetFlagStatus), (12 bytes).
    Removing stm32f10x_wwdg.o(i.WWDG_SetCounter), (16 bytes).
    Removing stm32f10x_wwdg.o(i.WWDG_SetPrescaler), (24 bytes).
    Removing stm32f10x_wwdg.o(i.WWDG_SetWindowValue), (40 bytes).

473 unused section(s) (total 62562 bytes) removed from the image.

==============================================================================

Image Symbol Table

    Local Symbols

    Symbol Name                              Value     Ov Type        Size  Object(Section)

    ../clib/microlib/init/entry.s            0x00000000   Number         0  entry.o ABSOLUTE
    ../clib/microlib/init/entry.s            0x00000000   Number         0  entry7a.o ABSOLUTE
    ../clib/microlib/init/entry.s            0x00000000   Number         0  entry2.o ABSOLUTE
    ../clib/microlib/init/entry.s            0x00000000   Number         0  entry10b.o ABSOLUTE
    ../clib/microlib/init/entry.s            0x00000000   Number         0  entry8a.o ABSOLUTE
    ../clib/microlib/init/entry.s            0x00000000   Number         0  entry11a.o ABSOLUTE
    ../clib/microlib/init/entry.s            0x00000000   Number         0  entry5.o ABSOLUTE
    ../clib/microlib/init/entry.s            0x00000000   Number         0  entry11b.o ABSOLUTE
    ../clib/microlib/init/entry.s            0x00000000   Number         0  entry7b.o ABSOLUTE
    ../clib/microlib/init/entry.s            0x00000000   Number         0  entry8b.o ABSOLUTE
    ../clib/microlib/init/entry.s            0x00000000   Number         0  entry9a.o ABSOLUTE
    ../clib/microlib/init/entry.s            0x00000000   Number         0  entry9b.o ABSOLUTE
    ../clib/microlib/init/entry.s            0x00000000   Number         0  entry10a.o ABSOLUTE
    ../clib/microlib/string/strlen.c         0x00000000   Number         0  strlen.o ABSOLUTE
    ../clib/microlib/stubs.s                 0x00000000   Number         0  useno.o ABSOLUTE
    ../clib/microlib/stubs.s                 0x00000000   Number         0  iusefp.o ABSOLUTE
    ../fplib/microlib/fpdiv.c                0x00000000   Number         0  fdiv.o ABSOLUTE
    ../fplib/microlib/fpepilogue.c           0x00000000   Number         0  fepilogue.o ABSOLUTE
    ../fplib/microlib/fpfix.c                0x00000000   Number         0  ffixui.o ABSOLUTE
    ../fplib/microlib/fpflt.c                0x00000000   Number         0  ffltui.o ABSOLUTE
    ../fplib/microlib/fpmul.c                0x00000000   Number         0  fmul.o ABSOLUTE
    ..\CORE\core_cm3.c                       0x00000000   Number         0  core_cm3.o ABSOLUTE
    ..\CORE\startup_stm32f10x_hd.s           0x00000000   Number         0  startup_stm32f10x_hd.o ABSOLUTE
    ..\HARDWARE\ADC\adc.c                    0x00000000   Number         0  adc.o ABSOLUTE
    ..\HARDWARE\GBK_LibDrive\GBK_LibDrive.c  0x00000000   Number         0  gbk_libdrive.o ABSOLUTE
    ..\HARDWARE\KEY\key.c                    0x00000000   Number         0  key.o ABSOLUTE
    ..\HARDWARE\LCD\Dis_Picture.c            0x00000000   Number         0  dis_picture.o ABSOLUTE
    ..\HARDWARE\LCD\FONT.c                   0x00000000   Number         0  font.o ABSOLUTE
    ..\HARDWARE\LCD\Picture.c                0x00000000   Number         0  picture.o ABSOLUTE
    ..\HARDWARE\LCD\Text.c                   0x00000000   Number         0  text.o ABSOLUTE
    ..\HARDWARE\LCD\lcd.c                    0x00000000   Number         0  lcd.o ABSOLUTE
    ..\HARDWARE\LED\led.c                    0x00000000   Number         0  led.o ABSOLUTE
    ..\HARDWARE\WAVE\wave_display.c          0x00000000   Number         0  wave_display.o ABSOLUTE
    ..\STM32F10x_FWLib\src\misc.c            0x00000000   Number         0  misc.o ABSOLUTE
    ..\STM32F10x_FWLib\src\stm32f10x_adc.c   0x00000000   Number         0  stm32f10x_adc.o ABSOLUTE
    ..\STM32F10x_FWLib\src\stm32f10x_bkp.c   0x00000000   Number         0  stm32f10x_bkp.o ABSOLUTE
    ..\STM32F10x_FWLib\src\stm32f10x_can.c   0x00000000   Number         0  stm32f10x_can.o ABSOLUTE
    ..\STM32F10x_FWLib\src\stm32f10x_cec.c   0x00000000   Number         0  stm32f10x_cec.o ABSOLUTE
    ..\STM32F10x_FWLib\src\stm32f10x_crc.c   0x00000000   Number         0  stm32f10x_crc.o ABSOLUTE
    ..\STM32F10x_FWLib\src\stm32f10x_dac.c   0x00000000   Number         0  stm32f10x_dac.o ABSOLUTE
    ..\STM32F10x_FWLib\src\stm32f10x_dbgmcu.c 0x00000000   Number         0  stm32f10x_dbgmcu.o ABSOLUTE
    ..\STM32F10x_FWLib\src\stm32f10x_dma.c   0x00000000   Number         0  stm32f10x_dma.o ABSOLUTE
    ..\STM32F10x_FWLib\src\stm32f10x_exti.c  0x00000000   Number         0  stm32f10x_exti.o ABSOLUTE
    ..\STM32F10x_FWLib\src\stm32f10x_flash.c 0x00000000   Number         0  stm32f10x_flash.o ABSOLUTE
    ..\STM32F10x_FWLib\src\stm32f10x_fsmc.c  0x00000000   Number         0  stm32f10x_fsmc.o ABSOLUTE
    ..\STM32F10x_FWLib\src\stm32f10x_gpio.c  0x00000000   Number         0  stm32f10x_gpio.o ABSOLUTE
    ..\STM32F10x_FWLib\src\stm32f10x_i2c.c   0x00000000   Number         0  stm32f10x_i2c.o ABSOLUTE
    ..\STM32F10x_FWLib\src\stm32f10x_iwdg.c  0x00000000   Number         0  stm32f10x_iwdg.o ABSOLUTE
    ..\STM32F10x_FWLib\src\stm32f10x_pwr.c   0x00000000   Number         0  stm32f10x_pwr.o ABSOLUTE
    ..\STM32F10x_FWLib\src\stm32f10x_rcc.c   0x00000000   Number         0  stm32f10x_rcc.o ABSOLUTE
    ..\STM32F10x_FWLib\src\stm32f10x_rtc.c   0x00000000   Number         0  stm32f10x_rtc.o ABSOLUTE
    ..\STM32F10x_FWLib\src\stm32f10x_sdio.c  0x00000000   Number         0  stm32f10x_sdio.o ABSOLUTE
    ..\STM32F10x_FWLib\src\stm32f10x_spi.c   0x00000000   Number         0  stm32f10x_spi.o ABSOLUTE
    ..\STM32F10x_FWLib\src\stm32f10x_tim.c   0x00000000   Number         0  stm32f10x_tim.o ABSOLUTE
    ..\STM32F10x_FWLib\src\stm32f10x_usart.c 0x00000000   Number         0  stm32f10x_usart.o ABSOLUTE
    ..\STM32F10x_FWLib\src\stm32f10x_wwdg.c  0x00000000   Number         0  stm32f10x_wwdg.o ABSOLUTE
    ..\SYSTEM\delay\delay.c                  0x00000000   Number         0  delay.o ABSOLUTE
    ..\SYSTEM\sys\sys.c                      0x00000000   Number         0  sys.o ABSOLUTE
    ..\SYSTEM\usart\usart.c                  0x00000000   Number         0  usart.o ABSOLUTE
    ..\\CORE\\core_cm3.c                     0x00000000   Number         0  core_cm3.o ABSOLUTE
    cfcmple.s                                0x00000000   Number         0  cfcmple.o ABSOLUTE
    cfrcmple.s                               0x00000000   Number         0  cfrcmple.o ABSOLUTE
    dc.s                                     0x00000000   Number         0  dc.o ABSOLUTE
    handlers.s                               0x00000000   Number         0  handlers.o ABSOLUTE
    init.s                                   0x00000000   Number         0  init.o ABSOLUTE
    main.c                                   0x00000000   Number         0  main.o ABSOLUTE
    stm32f10x_it.c                           0x00000000   Number         0  stm32f10x_it.o ABSOLUTE
    system_stm32f10x.c                       0x00000000   Number         0  system_stm32f10x.o ABSOLUTE
    RESET                                    0x08000000   Section      304  startup_stm32f10x_hd.o(RESET)
    .ARM.Collect$$$$00000000                 0x08000130   Section        0  entry.o(.ARM.Collect$$$$00000000)
    .ARM.Collect$$$$00000001                 0x08000130   Section        4  entry2.o(.ARM.Collect$$$$00000001)
    .ARM.Collect$$$$00000004                 0x08000134   Section        4  entry5.o(.ARM.Collect$$$$00000004)
    .ARM.Collect$$$$00000008                 0x08000138   Section        0  entry7b.o(.ARM.Collect$$$$00000008)
    .ARM.Collect$$$$0000000A                 0x08000138   Section        0  entry8b.o(.ARM.Collect$$$$0000000A)
    .ARM.Collect$$$$0000000B                 0x08000138   Section        8  entry9a.o(.ARM.Collect$$$$0000000B)
    .ARM.Collect$$$$0000000D                 0x08000140   Section        0  entry10a.o(.ARM.Collect$$$$0000000D)
    .ARM.Collect$$$$0000000F                 0x08000140   Section        0  entry11a.o(.ARM.Collect$$$$0000000F)
    .ARM.Collect$$$$00002712                 0x08000140   Section        4  entry2.o(.ARM.Collect$$$$00002712)
    __lit__00000000                          0x08000140   Data           4  entry2.o(.ARM.Collect$$$$00002712)
    .text                                    0x08000144   Section       36  startup_stm32f10x_hd.o(.text)
    .text                                    0x08000168   Section        0  fmul.o(.text)
    .text                                    0x080001cc   Section        0  fdiv.o(.text)
    .text                                    0x08000248   Section        0  ffltui.o(.text)
    .text                                    0x08000252   Section        0  ffixui.o(.text)
    .text                                    0x0800027c   Section       20  cfcmple.o(.text)
    .text                                    0x08000290   Section       20  cfrcmple.o(.text)
    .text                                    0x080002a4   Section        0  fepilogue.o(.text)
    .text                                    0x080002a4   Section        0  iusefp.o(.text)
    .text                                    0x08000314   Section       36  init.o(.text)
    i.ADC_Cmd                                0x08000338   Section        0  stm32f10x_adc.o(i.ADC_Cmd)
    i.ADC_GetCalibrationStatus               0x0800034e   Section        0  stm32f10x_adc.o(i.ADC_GetCalibrationStatus)
    i.ADC_GetConversionValue                 0x08000362   Section        0  stm32f10x_adc.o(i.ADC_GetConversionValue)
    i.ADC_GetFlagStatus                      0x0800036a   Section        0  stm32f10x_adc.o(i.ADC_GetFlagStatus)
    i.ADC_GetResetCalibrationStatus          0x0800037c   Section        0  stm32f10x_adc.o(i.ADC_GetResetCalibrationStatus)
    i.ADC_GetVoltage                         0x08000390   Section        0  adc.o(i.ADC_GetVoltage)
    i.ADC_Init                               0x080003c0   Section        0  stm32f10x_adc.o(i.ADC_Init)
    i.ADC_Read                               0x08000410   Section        0  adc.o(i.ADC_Read)
    i.ADC_RegularChannelConfig               0x08000440   Section        0  stm32f10x_adc.o(i.ADC_RegularChannelConfig)
    i.ADC_ResetCalibration                   0x080004f8   Section        0  stm32f10x_adc.o(i.ADC_ResetCalibration)
    i.ADC_SoftwareStartConvCmd               0x08000502   Section        0  stm32f10x_adc.o(i.ADC_SoftwareStartConvCmd)
    i.ADC_StartCalibration                   0x08000518   Section        0  stm32f10x_adc.o(i.ADC_StartCalibration)
    i.BusFault_Handler                       0x08000522   Section        0  stm32f10x_it.o(i.BusFault_Handler)
    i.Clear_Wave                             0x08000528   Section        0  wave_display.o(i.Clear_Wave)
    i.Copy_HZK16                             0x0800055c   Section        0  text.o(i.Copy_HZK16)
    i.Copy_HZK24                             0x080005ac   Section        0  text.o(i.Copy_HZK24)
    i.Copy_Mem                               0x08000608   Section        0  text.o(i.Copy_Mem)
    i.DebugMon_Handler                       0x0800061e   Section        0  stm32f10x_it.o(i.DebugMon_Handler)
    i.DrawFont_GBK16B                        0x08000620   Section        0  gbk_libdrive.o(i.DrawFont_GBK16B)
    i.Draw_Axis                              0x08000670   Section        0  wave_display.o(i.Draw_Axis)
    i.Draw_Font16B                           0x08000854   Section        0  text.o(i.Draw_Font16B)
    i.FontLib_Read                           0x08000894   Section        0  gbk_libdrive.o(i.FontLib_Read)
    i.GBK_GetASC_Point                       0x080008f8   Section        0  gbk_libdrive.o(i.GBK_GetASC_Point)
    i.GBK_Lib_GetHz                          0x0800098c   Section        0  gbk_libdrive.o(i.GBK_Lib_GetHz)
    i.GBK_Lib_Init                           0x08000a3c   Section        0  gbk_libdrive.o(i.GBK_Lib_Init)
    i.GBK_ReadID                             0x08000a44   Section        0  gbk_libdrive.o(i.GBK_ReadID)
    i.GBK_ShowASCII                          0x08000ad8   Section        0  gbk_libdrive.o(i.GBK_ShowASCII)
    i.GBK_Show_Font                          0x08000bba   Section        0  gbk_libdrive.o(i.GBK_Show_Font)
    i.GBK_Show_Str                           0x08000c7c   Section        0  gbk_libdrive.o(i.GBK_Show_Str)
    i.GBK_delay                              0x08000d4e   Section        0  gbk_libdrive.o(i.GBK_delay)
    i.GPIO_Init                              0x08000d68   Section        0  stm32f10x_gpio.o(i.GPIO_Init)
    i.GPIO_ReadInputDataBit                  0x08000e7e   Section        0  stm32f10x_gpio.o(i.GPIO_ReadInputDataBit)
    i.GPIO_ResetBits                         0x08000e90   Section        0  stm32f10x_gpio.o(i.GPIO_ResetBits)
    i.GPIO_SetBits                           0x08000e94   Section        0  stm32f10x_gpio.o(i.GPIO_SetBits)
    i.Get_HzMat                              0x08000e98   Section        0  text.o(i.Get_HzMat)
    i.HardFault_Handler                      0x08000f10   Section        0  stm32f10x_it.o(i.HardFault_Handler)
    i.KEY_Init                               0x08000f14   Section        0  key.o(i.KEY_Init)
    i.KEY_Scan                               0x08000f3c   Section        0  key.o(i.KEY_Scan)
    i.LCD_Clear                              0x08000f94   Section        0  lcd.o(i.LCD_Clear)
    i.LCD_Display_Dir                        0x08000fd8   Section        0  lcd.o(i.LCD_Display_Dir)
    i.LCD_DrawLine                           0x080010d4   Section        0  lcd.o(i.LCD_DrawLine)
    i.LCD_Fast_DrawPoint                     0x08001180   Section        0  lcd.o(i.LCD_Fast_DrawPoint)
    i.LCD_GPIO_Init                          0x080011a4   Section        0  lcd.o(i.LCD_GPIO_Init)
    i.LCD_Init                               0x080011fc   Section        0  lcd.o(i.LCD_Init)
    i.LCD_SetCursor                          0x080013e4   Section        0  lcd.o(i.LCD_SetCursor)
    i.LCD_Set_Window                         0x0800143c   Section        0  lcd.o(i.LCD_Set_Window)
    i.LCD_ShowChar                           0x080014c8   Section        0  lcd.o(i.LCD_ShowChar)
    i.LCD_ShowString                         0x080015ec   Section        0  lcd.o(i.LCD_ShowString)
    i.LCD_SoftRest                           0x08001656   Section        0  lcd.o(i.LCD_SoftRest)
    i.LCD_WR_DATA16                          0x08001668   Section        0  lcd.o(i.LCD_WR_DATA16)
    i.LCD_WR_DATA8                           0x080016a0   Section        0  lcd.o(i.LCD_WR_DATA8)
    i.LCD_WR_REG                             0x080016d0   Section        0  lcd.o(i.LCD_WR_REG)
    i.LCD_WriteRAM_Prepare                   0x08001700   Section        0  lcd.o(i.LCD_WriteRAM_Prepare)
    i.LCD_WriteReg                           0x08001710   Section        0  lcd.o(i.LCD_WriteReg)
    i.LED_Init                               0x08001724   Section        0  led.o(i.LED_Init)
    i.MemManage_Handler                      0x0800175c   Section        0  stm32f10x_it.o(i.MemManage_Handler)
    i.My_ADC_Init                            0x08001760   Section        0  adc.o(i.My_ADC_Init)
    i.NMI_Handler                            0x080017e8   Section        0  stm32f10x_it.o(i.NMI_Handler)
    i.NVIC_Configuration                     0x080017ea   Section        0  sys.o(i.NVIC_Configuration)
    i.NVIC_Init                              0x080017f8   Section        0  misc.o(i.NVIC_Init)
    i.NVIC_PriorityGroupConfig               0x08001868   Section        0  misc.o(i.NVIC_PriorityGroupConfig)
    i.PendSV_Handler                         0x0800187c   Section        0  stm32f10x_it.o(i.PendSV_Handler)
    i.RCC_ADCCLKConfig                       0x08001880   Section        0  stm32f10x_rcc.o(i.RCC_ADCCLKConfig)
    i.RCC_APB1PeriphClockCmd                 0x08001898   Section        0  stm32f10x_rcc.o(i.RCC_APB1PeriphClockCmd)
    i.RCC_APB1PeriphResetCmd                 0x080018b8   Section        0  stm32f10x_rcc.o(i.RCC_APB1PeriphResetCmd)
    i.RCC_APB2PeriphClockCmd                 0x080018d8   Section        0  stm32f10x_rcc.o(i.RCC_APB2PeriphClockCmd)
    i.RCC_GetClocksFreq                      0x080018f8   Section        0  stm32f10x_rcc.o(i.RCC_GetClocksFreq)
    i.SPI2_Init                              0x080019cc   Section        0  lcd.o(i.SPI2_Init)
    i.SPI2_ReadWriteByte                     0x08001a70   Section        0  lcd.o(i.SPI2_ReadWriteByte)
    i.SPI_Cmd                                0x08001aa8   Section        0  stm32f10x_spi.o(i.SPI_Cmd)
    i.SPI_I2S_GetFlagStatus                  0x08001ac0   Section        0  stm32f10x_spi.o(i.SPI_I2S_GetFlagStatus)
    i.SPI_I2S_ReceiveData                    0x08001ad2   Section        0  stm32f10x_spi.o(i.SPI_I2S_ReceiveData)
    i.SPI_I2S_SendData                       0x08001ad8   Section        0  stm32f10x_spi.o(i.SPI_I2S_SendData)
    i.SPI_Init                               0x08001adc   Section        0  stm32f10x_spi.o(i.SPI_Init)
    i.SVC_Handler                            0x08001b18   Section        0  stm32f10x_it.o(i.SVC_Handler)
    i.SetSysClock                            0x08001b1a   Section        0  system_stm32f10x.o(i.SetSysClock)
    SetSysClock                              0x08001b1b   Thumb Code     8  system_stm32f10x.o(i.SetSysClock)
    i.SetSysClockTo72                        0x08001b24   Section        0  system_stm32f10x.o(i.SetSysClockTo72)
    SetSysClockTo72                          0x08001b25   Thumb Code   214  system_stm32f10x.o(i.SetSysClockTo72)
    i.Show_Font                              0x08001c04   Section        0  text.o(i.Show_Font)
    i.Show_Name                              0x08001cc8   Section        0  lcd.o(i.Show_Name)
    i.Show_Str                               0x08001d0c   Section        0  text.o(i.Show_Str)
    i.SysTick_CLKSourceConfig                0x08001dd2   Section        0  misc.o(i.SysTick_CLKSourceConfig)
    i.SysTick_Handler                        0x08001dfa   Section        0  stm32f10x_it.o(i.SysTick_Handler)
    i.SystemInit                             0x08001dfc   Section        0  system_stm32f10x.o(i.SystemInit)
    i.USART1_IRQHandler                      0x08001e5c   Section        0  usart.o(i.USART1_IRQHandler)
    i.USART_Cmd                              0x08001ee4   Section        0  stm32f10x_usart.o(i.USART_Cmd)
    i.USART_GetITStatus                      0x08001efc   Section        0  stm32f10x_usart.o(i.USART_GetITStatus)
    i.USART_ITConfig                         0x08001f50   Section        0  stm32f10x_usart.o(i.USART_ITConfig)
    i.USART_Init                             0x08001f9c   Section        0  stm32f10x_usart.o(i.USART_Init)
    i.USART_ReceiveData                      0x08002074   Section        0  stm32f10x_usart.o(i.USART_ReceiveData)
    i.Update_Wave                            0x08002080   Section        0  wave_display.o(i.Update_Wave)
    i.UsageFault_Handler                     0x08002100   Section        0  stm32f10x_it.o(i.UsageFault_Handler)
    i.Voltage_To_Y                           0x08002104   Section        0  wave_display.o(i.Voltage_To_Y)
    i.Wave_Display_Loop                      0x0800215c   Section        0  wave_display.o(i.Wave_Display_Loop)
    i.__scatterload_copy                     0x08002178   Section       14  handlers.o(i.__scatterload_copy)
    i.__scatterload_null                     0x08002186   Section        2  handlers.o(i.__scatterload_null)
    i.__scatterload_zeroinit                 0x08002188   Section       14  handlers.o(i.__scatterload_zeroinit)
    i.delay_init                             0x08002198   Section        0  delay.o(i.delay_init)
    i.delay_ms                               0x080021dc   Section        0  delay.o(i.delay_ms)
    i.main                                   0x08002228   Section        0  main.o(i.main)
    i.uart_init                              0x0800229c   Section        0  usart.o(i.uart_init)
    .constdata                               0x0800233c   Section     9064  font.o(.constdata)
    .data                                    0x20000000   Section       20  system_stm32f10x.o(.data)
    .data                                    0x20000014   Section        1  key.o(.data)
    key_up                                   0x20000014   Data           1  key.o(.data)
    .data                                    0x20000016   Section       10  lcd.o(.data)
    .data                                    0x20000020   Section        1  wave_display.o(.data)
    wave_index                               0x20000020   Data           1  wave_display.o(.data)
    .data                                    0x20000022   Section        4  delay.o(.data)
    fac_us                                   0x20000022   Data           2  delay.o(.data)
    fac_ms                                   0x20000024   Data           2  delay.o(.data)
    .data                                    0x20000028   Section        6  usart.o(.data)
    .data                                    0x2000002e   Section       20  stm32f10x_rcc.o(.data)
    APBAHBPrescTable                         0x2000002e   Data          16  stm32f10x_rcc.o(.data)
    ADCPrescTable                            0x2000003e   Data           4  stm32f10x_rcc.o(.data)
    .bss                                     0x20000044   Section       14  lcd.o(.bss)
    .bss                                     0x20000052   Section      240  wave_display.o(.bss)
    wave_y                                   0x20000052   Data         240  wave_display.o(.bss)
    .bss                                     0x20000142   Section      200  usart.o(.bss)
    STACK                                    0x20000210   Section     1024  startup_stm32f10x_hd.o(STACK)

    Global Symbols

    Symbol Name                              Value     Ov Type        Size  Object(Section)

    BuildAttributes$$THM_ISAv4$P$D$K$B$S$PE$A:L22UL41UL21$X:L11$S22US41US21$IEEE1$IW$USESV6$~STKCKD$USESV7$~SHL$OTIME$ROPI$EBA8$MICROLIB$REQ8$PRES8$EABIv2 0x00000000   Number         0  anon$$obj.o ABSOLUTE
    __ARM_use_no_argv                        0x00000000   Number         0  main.o ABSOLUTE
    __use_no_errno                           0x00000000   Number         0  useno.o ABSOLUTE
    __use_no_exception_handling              0x00000000   Number         0  useno.o ABSOLUTE
    __use_no_fp                              0x00000000   Number         0  useno.o ABSOLUTE
    __use_no_heap                            0x00000000   Number         0  useno.o ABSOLUTE
    __use_no_heap_region                     0x00000000   Number         0  useno.o ABSOLUTE
    __use_no_semihosting                     0x00000000   Number         0  useno.o ABSOLUTE
    __use_no_semihosting_swi                 0x00000000   Number         0  useno.o ABSOLUTE
    __use_no_signal_handling                 0x00000000   Number         0  useno.o ABSOLUTE
    __cpp_initialize__aeabi_                  - Undefined Weak Reference
    __cxa_finalize                            - Undefined Weak Reference
    __decompress                              - Undefined Weak Reference
    _clock_init                               - Undefined Weak Reference
    _microlib_exit                            - Undefined Weak Reference
    __Vectors_Size                           0x00000130   Number         0  startup_stm32f10x_hd.o ABSOLUTE
    __Vectors                                0x08000000   Data           4  startup_stm32f10x_hd.o(RESET)
    __Vectors_End                            0x08000130   Data           0  startup_stm32f10x_hd.o(RESET)
    __main                                   0x08000131   Thumb Code     0  entry.o(.ARM.Collect$$$$00000000)
    _main_stk                                0x08000131   Thumb Code     0  entry2.o(.ARM.Collect$$$$00000001)
    _main_scatterload                        0x08000135   Thumb Code     0  entry5.o(.ARM.Collect$$$$00000004)
    __main_after_scatterload                 0x08000139   Thumb Code     0  entry5.o(.ARM.Collect$$$$00000004)
    _main_clock                              0x08000139   Thumb Code     0  entry7b.o(.ARM.Collect$$$$00000008)
    _main_cpp_init                           0x08000139   Thumb Code     0  entry8b.o(.ARM.Collect$$$$0000000A)
    _main_init                               0x08000139   Thumb Code     0  entry9a.o(.ARM.Collect$$$$0000000B)
    __rt_final_cpp                           0x08000141   Thumb Code     0  entry10a.o(.ARM.Collect$$$$0000000D)
    __rt_final_exit                          0x08000141   Thumb Code     0  entry11a.o(.ARM.Collect$$$$0000000F)
    Reset_Handler                            0x08000145   Thumb Code     8  startup_stm32f10x_hd.o(.text)
    ADC1_2_IRQHandler                        0x0800015f   Thumb Code     0  startup_stm32f10x_hd.o(.text)
    ADC3_IRQHandler                          0x0800015f   Thumb Code     0  startup_stm32f10x_hd.o(.text)
    CAN1_RX1_IRQHandler                      0x0800015f   Thumb Code     0  startup_stm32f10x_hd.o(.text)
    CAN1_SCE_IRQHandler                      0x0800015f   Thumb Code     0  startup_stm32f10x_hd.o(.text)
    DMA1_Channel1_IRQHandler                 0x0800015f   Thumb Code     0  startup_stm32f10x_hd.o(.text)
    DMA1_Channel2_IRQHandler                 0x0800015f   Thumb Code     0  startup_stm32f10x_hd.o(.text)
    DMA1_Channel3_IRQHandler                 0x0800015f   Thumb Code     0  startup_stm32f10x_hd.o(.text)
    DMA1_Channel4_IRQHandler                 0x0800015f   Thumb Code     0  startup_stm32f10x_hd.o(.text)
    DMA1_Channel5_IRQHandler                 0x0800015f   Thumb Code     0  startup_stm32f10x_hd.o(.text)
    DMA1_Channel6_IRQHandler                 0x0800015f   Thumb Code     0  startup_stm32f10x_hd.o(.text)
    DMA1_Channel7_IRQHandler                 0x0800015f   Thumb Code     0  startup_stm32f10x_hd.o(.text)
    DMA2_Channel1_IRQHandler                 0x0800015f   Thumb Code     0  startup_stm32f10x_hd.o(.text)
    DMA2_Channel2_IRQHandler                 0x0800015f   Thumb Code     0  startup_stm32f10x_hd.o(.text)
    DMA2_Channel3_IRQHandler                 0x0800015f   Thumb Code     0  startup_stm32f10x_hd.o(.text)
    DMA2_Channel4_5_IRQHandler               0x0800015f   Thumb Code     0  startup_stm32f10x_hd.o(.text)
    EXTI0_IRQHandler                         0x0800015f   Thumb Code     0  startup_stm32f10x_hd.o(.text)
    EXTI15_10_IRQHandler                     0x0800015f   Thumb Code     0  startup_stm32f10x_hd.o(.text)
    EXTI1_IRQHandler                         0x0800015f   Thumb Code     0  startup_stm32f10x_hd.o(.text)
    EXTI2_IRQHandler                         0x0800015f   Thumb Code     0  startup_stm32f10x_hd.o(.text)
    EXTI3_IRQHandler                         0x0800015f   Thumb Code     0  startup_stm32f10x_hd.o(.text)
    EXTI4_IRQHandler                         0x0800015f   Thumb Code     0  startup_stm32f10x_hd.o(.text)
    EXTI9_5_IRQHandler                       0x0800015f   Thumb Code     0  startup_stm32f10x_hd.o(.text)
    FLASH_IRQHandler                         0x0800015f   Thumb Code     0  startup_stm32f10x_hd.o(.text)
    FSMC_IRQHandler                          0x0800015f   Thumb Code     0  startup_stm32f10x_hd.o(.text)
    I2C1_ER_IRQHandler                       0x0800015f   Thumb Code     0  startup_stm32f10x_hd.o(.text)
    I2C1_EV_IRQHandler                       0x0800015f   Thumb Code     0  startup_stm32f10x_hd.o(.text)
    I2C2_ER_IRQHandler                       0x0800015f   Thumb Code     0  startup_stm32f10x_hd.o(.text)
    I2C2_EV_IRQHandler                       0x0800015f   Thumb Code     0  startup_stm32f10x_hd.o(.text)
    PVD_IRQHandler                           0x0800015f   Thumb Code     0  startup_stm32f10x_hd.o(.text)
    RCC_IRQHandler                           0x0800015f   Thumb Code     0  startup_stm32f10x_hd.o(.text)
    RTCAlarm_IRQHandler                      0x0800015f   Thumb Code     0  startup_stm32f10x_hd.o(.text)
    RTC_IRQHandler                           0x0800015f   Thumb Code     0  startup_stm32f10x_hd.o(.text)
    SDIO_IRQHandler                          0x0800015f   Thumb Code     0  startup_stm32f10x_hd.o(.text)
    SPI1_IRQHandler                          0x0800015f   Thumb Code     0  startup_stm32f10x_hd.o(.text)
    SPI2_IRQHandler                          0x0800015f   Thumb Code     0  startup_stm32f10x_hd.o(.text)
    SPI3_IRQHandler                          0x0800015f   Thumb Code     0  startup_stm32f10x_hd.o(.text)
    TAMPER_IRQHandler                        0x0800015f   Thumb Code     0  startup_stm32f10x_hd.o(.text)
    TIM1_BRK_IRQHandler                      0x0800015f   Thumb Code     0  startup_stm32f10x_hd.o(.text)
    TIM1_CC_IRQHandler                       0x0800015f   Thumb Code     0  startup_stm32f10x_hd.o(.text)
    TIM1_TRG_COM_IRQHandler                  0x0800015f   Thumb Code     0  startup_stm32f10x_hd.o(.text)
    TIM1_UP_IRQHandler                       0x0800015f   Thumb Code     0  startup_stm32f10x_hd.o(.text)
    TIM2_IRQHandler                          0x0800015f   Thumb Code     0  startup_stm32f10x_hd.o(.text)
    TIM3_IRQHandler                          0x0800015f   Thumb Code     0  startup_stm32f10x_hd.o(.text)
    TIM4_IRQHandler                          0x0800015f   Thumb Code     0  startup_stm32f10x_hd.o(.text)
    TIM5_IRQHandler                          0x0800015f   Thumb Code     0  startup_stm32f10x_hd.o(.text)
    TIM6_IRQHandler                          0x0800015f   Thumb Code     0  startup_stm32f10x_hd.o(.text)
    TIM7_IRQHandler                          0x0800015f   Thumb Code     0  startup_stm32f10x_hd.o(.text)
    TIM8_BRK_IRQHandler                      0x0800015f   Thumb Code     0  startup_stm32f10x_hd.o(.text)
    TIM8_CC_IRQHandler                       0x0800015f   Thumb Code     0  startup_stm32f10x_hd.o(.text)
    TIM8_TRG_COM_IRQHandler                  0x0800015f   Thumb Code     0  startup_stm32f10x_hd.o(.text)
    TIM8_UP_IRQHandler                       0x0800015f   Thumb Code     0  startup_stm32f10x_hd.o(.text)
    UART4_IRQHandler                         0x0800015f   Thumb Code     0  startup_stm32f10x_hd.o(.text)
    UART5_IRQHandler                         0x0800015f   Thumb Code     0  startup_stm32f10x_hd.o(.text)
    USART2_IRQHandler                        0x0800015f   Thumb Code     0  startup_stm32f10x_hd.o(.text)
    USART3_IRQHandler                        0x0800015f   Thumb Code     0  startup_stm32f10x_hd.o(.text)
    USBWakeUp_IRQHandler                     0x0800015f   Thumb Code     0  startup_stm32f10x_hd.o(.text)
    USB_HP_CAN1_TX_IRQHandler                0x0800015f   Thumb Code     0  startup_stm32f10x_hd.o(.text)
    USB_LP_CAN1_RX0_IRQHandler               0x0800015f   Thumb Code     0  startup_stm32f10x_hd.o(.text)
    WWDG_IRQHandler                          0x0800015f   Thumb Code     0  startup_stm32f10x_hd.o(.text)
    __aeabi_fmul                             0x08000169   Thumb Code   100  fmul.o(.text)
    __aeabi_fdiv                             0x080001cd   Thumb Code   124  fdiv.o(.text)
    __aeabi_ui2f                             0x08000249   Thumb Code    10  ffltui.o(.text)
    __aeabi_f2uiz                            0x08000253   Thumb Code    40  ffixui.o(.text)
    __aeabi_cfcmpeq                          0x0800027d   Thumb Code     0  cfcmple.o(.text)
    __aeabi_cfcmple                          0x0800027d   Thumb Code    20  cfcmple.o(.text)
    __aeabi_cfrcmple                         0x08000291   Thumb Code    20  cfrcmple.o(.text)
    __I$use$fp                               0x080002a5   Thumb Code     0  iusefp.o(.text)
    _float_round                             0x080002a5   Thumb Code    18  fepilogue.o(.text)
    _float_epilogue                          0x080002b7   Thumb Code    92  fepilogue.o(.text)
    __scatterload                            0x08000315   Thumb Code    28  init.o(.text)
    __scatterload_rt2                        0x08000315   Thumb Code     0  init.o(.text)
    ADC_Cmd                                  0x08000339   Thumb Code    22  stm32f10x_adc.o(i.ADC_Cmd)
    ADC_GetCalibrationStatus                 0x0800034f   Thumb Code    20  stm32f10x_adc.o(i.ADC_GetCalibrationStatus)
    ADC_GetConversionValue                   0x08000363   Thumb Code     8  stm32f10x_adc.o(i.ADC_GetConversionValue)
    ADC_GetFlagStatus                        0x0800036b   Thumb Code    18  stm32f10x_adc.o(i.ADC_GetFlagStatus)
    ADC_GetResetCalibrationStatus            0x0800037d   Thumb Code    20  stm32f10x_adc.o(i.ADC_GetResetCalibrationStatus)
    ADC_GetVoltage                           0x08000391   Thumb Code    40  adc.o(i.ADC_GetVoltage)
    ADC_Init                                 0x080003c1   Thumb Code    70  stm32f10x_adc.o(i.ADC_Init)
    ADC_Read                                 0x08000411   Thumb Code    44  adc.o(i.ADC_Read)
    ADC_RegularChannelConfig                 0x08000441   Thumb Code   184  stm32f10x_adc.o(i.ADC_RegularChannelConfig)
    ADC_ResetCalibration                     0x080004f9   Thumb Code    10  stm32f10x_adc.o(i.ADC_ResetCalibration)
    ADC_SoftwareStartConvCmd                 0x08000503   Thumb Code    22  stm32f10x_adc.o(i.ADC_SoftwareStartConvCmd)
    ADC_StartCalibration                     0x08000519   Thumb Code    10  stm32f10x_adc.o(i.ADC_StartCalibration)
    BusFault_Handler                         0x08000523   Thumb Code     4  stm32f10x_it.o(i.BusFault_Handler)
    Clear_Wave                               0x08000529   Thumb Code    48  wave_display.o(i.Clear_Wave)
    Copy_HZK16                               0x0800055d   Thumb Code    76  text.o(i.Copy_HZK16)
    Copy_HZK24                               0x080005ad   Thumb Code    88  text.o(i.Copy_HZK24)
    Copy_Mem                                 0x08000609   Thumb Code    22  text.o(i.Copy_Mem)
    DebugMon_Handler                         0x0800061f   Thumb Code     2  stm32f10x_it.o(i.DebugMon_Handler)
    DrawFont_GBK16B                          0x08000621   Thumb Code    70  gbk_libdrive.o(i.DrawFont_GBK16B)
    Draw_Axis                                0x08000671   Thumb Code   426  wave_display.o(i.Draw_Axis)
    Draw_Font16B                             0x08000855   Thumb Code    60  text.o(i.Draw_Font16B)
    FontLib_Read                             0x08000895   Thumb Code    94  gbk_libdrive.o(i.FontLib_Read)
    GBK_GetASC_Point                         0x080008f9   Thumb Code   126  gbk_libdrive.o(i.GBK_GetASC_Point)
    GBK_Lib_GetHz                            0x0800098d   Thumb Code   168  gbk_libdrive.o(i.GBK_Lib_GetHz)
    GBK_Lib_Init                             0x08000a3d   Thumb Code     8  gbk_libdrive.o(i.GBK_Lib_Init)
    GBK_ReadID                               0x08000a45   Thumb Code   148  gbk_libdrive.o(i.GBK_ReadID)
    GBK_ShowASCII                            0x08000ad9   Thumb Code   226  gbk_libdrive.o(i.GBK_ShowASCII)
    GBK_Show_Font                            0x08000bbb   Thumb Code   194  gbk_libdrive.o(i.GBK_Show_Font)
    GBK_Show_Str                             0x08000c7d   Thumb Code   210  gbk_libdrive.o(i.GBK_Show_Str)
    GBK_delay                                0x08000d4f   Thumb Code    26  gbk_libdrive.o(i.GBK_delay)
    GPIO_Init                                0x08000d69   Thumb Code   278  stm32f10x_gpio.o(i.GPIO_Init)
    GPIO_ReadInputDataBit                    0x08000e7f   Thumb Code    18  stm32f10x_gpio.o(i.GPIO_ReadInputDataBit)
    GPIO_ResetBits                           0x08000e91   Thumb Code     4  stm32f10x_gpio.o(i.GPIO_ResetBits)
    GPIO_SetBits                             0x08000e95   Thumb Code     4  stm32f10x_gpio.o(i.GPIO_SetBits)
    Get_HzMat                                0x08000e99   Thumb Code   120  text.o(i.Get_HzMat)
    HardFault_Handler                        0x08000f11   Thumb Code     4  stm32f10x_it.o(i.HardFault_Handler)
    KEY_Init                                 0x08000f15   Thumb Code    34  key.o(i.KEY_Init)
    KEY_Scan                                 0x08000f3d   Thumb Code    80  key.o(i.KEY_Scan)
    LCD_Clear                                0x08000f95   Thumb Code    62  lcd.o(i.LCD_Clear)
    LCD_Display_Dir                          0x08000fd9   Thumb Code   242  lcd.o(i.LCD_Display_Dir)
    LCD_DrawLine                             0x080010d5   Thumb Code   172  lcd.o(i.LCD_DrawLine)
    LCD_Fast_DrawPoint                       0x08001181   Thumb Code    32  lcd.o(i.LCD_Fast_DrawPoint)
    LCD_GPIO_Init                            0x080011a5   Thumb Code    78  lcd.o(i.LCD_GPIO_Init)
    LCD_Init                                 0x080011fd   Thumb Code   484  lcd.o(i.LCD_Init)
    LCD_SetCursor                            0x080013e5   Thumb Code    80  lcd.o(i.LCD_SetCursor)
    LCD_Set_Window                           0x0800143d   Thumb Code   132  lcd.o(i.LCD_Set_Window)
    LCD_ShowChar                             0x080014c9   Thumb Code   270  lcd.o(i.LCD_ShowChar)
    LCD_ShowString                           0x080015ed   Thumb Code   106  lcd.o(i.LCD_ShowString)
    LCD_SoftRest                             0x08001657   Thumb Code    16  lcd.o(i.LCD_SoftRest)
    LCD_WR_DATA16                            0x08001669   Thumb Code    46  lcd.o(i.LCD_WR_DATA16)
    LCD_WR_DATA8                             0x080016a1   Thumb Code    40  lcd.o(i.LCD_WR_DATA8)
    LCD_WR_REG                               0x080016d1   Thumb Code    40  lcd.o(i.LCD_WR_REG)
    LCD_WriteRAM_Prepare                     0x08001701   Thumb Code    12  lcd.o(i.LCD_WriteRAM_Prepare)
    LCD_WriteReg                             0x08001711   Thumb Code    20  lcd.o(i.LCD_WriteReg)
    LED_Init                                 0x08001725   Thumb Code    50  led.o(i.LED_Init)
    MemManage_Handler                        0x0800175d   Thumb Code     4  stm32f10x_it.o(i.MemManage_Handler)
    My_ADC_Init                              0x08001761   Thumb Code   126  adc.o(i.My_ADC_Init)
    NMI_Handler                              0x080017e9   Thumb Code     2  stm32f10x_it.o(i.NMI_Handler)
    NVIC_Configuration                       0x080017eb   Thumb Code    12  sys.o(i.NVIC_Configuration)
    NVIC_Init                                0x080017f9   Thumb Code   100  misc.o(i.NVIC_Init)
    NVIC_PriorityGroupConfig                 0x08001869   Thumb Code    10  misc.o(i.NVIC_PriorityGroupConfig)
    PendSV_Handler                           0x0800187d   Thumb Code     2  stm32f10x_it.o(i.PendSV_Handler)
    RCC_ADCCLKConfig                         0x08001881   Thumb Code    18  stm32f10x_rcc.o(i.RCC_ADCCLKConfig)
    RCC_APB1PeriphClockCmd                   0x08001899   Thumb Code    26  stm32f10x_rcc.o(i.RCC_APB1PeriphClockCmd)
    RCC_APB1PeriphResetCmd                   0x080018b9   Thumb Code    26  stm32f10x_rcc.o(i.RCC_APB1PeriphResetCmd)
    RCC_APB2PeriphClockCmd                   0x080018d9   Thumb Code    26  stm32f10x_rcc.o(i.RCC_APB2PeriphClockCmd)
    RCC_GetClocksFreq                        0x080018f9   Thumb Code   192  stm32f10x_rcc.o(i.RCC_GetClocksFreq)
    SPI2_Init                                0x080019cd   Thumb Code   154  lcd.o(i.SPI2_Init)
    SPI2_ReadWriteByte                       0x08001a71   Thumb Code    50  lcd.o(i.SPI2_ReadWriteByte)
    SPI_Cmd                                  0x08001aa9   Thumb Code    24  stm32f10x_spi.o(i.SPI_Cmd)
    SPI_I2S_GetFlagStatus                    0x08001ac1   Thumb Code    18  stm32f10x_spi.o(i.SPI_I2S_GetFlagStatus)
    SPI_I2S_ReceiveData                      0x08001ad3   Thumb Code     6  stm32f10x_spi.o(i.SPI_I2S_ReceiveData)
    SPI_I2S_SendData                         0x08001ad9   Thumb Code     4  stm32f10x_spi.o(i.SPI_I2S_SendData)
    SPI_Init                                 0x08001add   Thumb Code    60  stm32f10x_spi.o(i.SPI_Init)
    SVC_Handler                              0x08001b19   Thumb Code     2  stm32f10x_it.o(i.SVC_Handler)
    Show_Font                                0x08001c05   Thumb Code   192  text.o(i.Show_Font)
    Show_Name                                0x08001cc9   Thumb Code    28  lcd.o(i.Show_Name)
    Show_Str                                 0x08001d0d   Thumb Code   198  text.o(i.Show_Str)
    SysTick_CLKSourceConfig                  0x08001dd3   Thumb Code    40  misc.o(i.SysTick_CLKSourceConfig)
    SysTick_Handler                          0x08001dfb   Thumb Code     2  stm32f10x_it.o(i.SysTick_Handler)
    SystemInit                               0x08001dfd   Thumb Code    78  system_stm32f10x.o(i.SystemInit)
    USART1_IRQHandler                        0x08001e5d   Thumb Code   122  usart.o(i.USART1_IRQHandler)
    USART_Cmd                                0x08001ee5   Thumb Code    24  stm32f10x_usart.o(i.USART_Cmd)
    USART_GetITStatus                        0x08001efd   Thumb Code    84  stm32f10x_usart.o(i.USART_GetITStatus)
    USART_ITConfig                           0x08001f51   Thumb Code    74  stm32f10x_usart.o(i.USART_ITConfig)
    USART_Init                               0x08001f9d   Thumb Code   210  stm32f10x_usart.o(i.USART_Init)
    USART_ReceiveData                        0x08002075   Thumb Code    10  stm32f10x_usart.o(i.USART_ReceiveData)
    Update_Wave                              0x08002081   Thumb Code   120  wave_display.o(i.Update_Wave)
    UsageFault_Handler                       0x08002101   Thumb Code     4  stm32f10x_it.o(i.UsageFault_Handler)
    Voltage_To_Y                             0x08002105   Thumb Code    76  wave_display.o(i.Voltage_To_Y)
    Wave_Display_Loop                        0x0800215d   Thumb Code    28  wave_display.o(i.Wave_Display_Loop)
    __scatterload_copy                       0x08002179   Thumb Code    14  handlers.o(i.__scatterload_copy)
    __scatterload_null                       0x08002187   Thumb Code     2  handlers.o(i.__scatterload_null)
    __scatterload_zeroinit                   0x08002189   Thumb Code    14  handlers.o(i.__scatterload_zeroinit)
    delay_init                               0x08002199   Thumb Code    50  delay.o(i.delay_init)
    delay_ms                                 0x080021dd   Thumb Code    72  delay.o(i.delay_ms)
    main                                     0x08002229   Thumb Code   108  main.o(i.main)
    uart_init                                0x0800229d   Thumb Code   152  usart.o(i.uart_init)
    asc2_1206                                0x0800233c   Data        1140  font.o(.constdata)
    asc2_1608                                0x080027b0   Data        1520  font.o(.constdata)
    asc2_2412                                0x08002da0   Data        3420  font.o(.constdata)
    hz16                                     0x08003afc   Data        2244  font.o(.constdata)
    hz24                                     0x080043c0   Data         740  font.o(.constdata)
    Region$$Table$$Base                      0x080046a4   Number         0  anon$$obj.o(Region$$Table)
    Region$$Table$$Limit                     0x080046c4   Number         0  anon$$obj.o(Region$$Table)
    SystemCoreClock                          0x20000000   Data           4  system_stm32f10x.o(.data)
    AHBPrescTable                            0x20000004   Data          16  system_stm32f10x.o(.data)
    POINT_COLOR                              0x20000016   Data           2  lcd.o(.data)
    BACK_COLOR                               0x20000018   Data           2  lcd.o(.data)
    USE_HORIZONTAL                           0x2000001a   Data           1  lcd.o(.data)
    D_Color                                  0x2000001c   Data           2  lcd.o(.data)
    B_Color                                  0x2000001e   Data           2  lcd.o(.data)
    __stdout                                 0x20000028   Data           4  usart.o(.data)
    USART_RX_STA                             0x2000002c   Data           2  usart.o(.data)
    lcddev                                   0x20000044   Data          14  lcd.o(.bss)
    USART_RX_BUF                             0x20000142   Data         200  usart.o(.bss)
    __initial_sp                             0x20000610   Data           0  startup_stm32f10x_hd.o(STACK)



==============================================================================

Memory Map of the image

  Image Entry point : 0x08000131

  Load Region LR_IROM1 (Base: 0x08000000, Size: 0x00004708, Max: 0x00040000, ABSOLUTE)

    Execution Region ER_IROM1 (Exec base: 0x08000000, Load base: 0x08000000, Size: 0x000046c4, Max: 0x00040000, ABSOLUTE)

    Exec Addr    Load Addr    Size         Type   Attr      Idx    E Section Name        Object

    0x08000000   0x08000000   0x00000130   Data   RO          898    RESET               startup_stm32f10x_hd.o
    0x08000130   0x08000130   0x00000000   Code   RO         3873  * .ARM.Collect$$$$00000000  mc_w.l(entry.o)
    0x08000130   0x08000130   0x00000004   Code   RO         3890    .ARM.Collect$$$$00000001  mc_w.l(entry2.o)
    0x08000134   0x08000134   0x00000004   Code   RO         3893    .ARM.Collect$$$$00000004  mc_w.l(entry5.o)
    0x08000138   0x08000138   0x00000000   Code   RO         3895    .ARM.Collect$$$$00000008  mc_w.l(entry7b.o)
    0x08000138   0x08000138   0x00000000   Code   RO         3897    .ARM.Collect$$$$0000000A  mc_w.l(entry8b.o)
    0x08000138   0x08000138   0x00000008   Code   RO         3898    .ARM.Collect$$$$0000000B  mc_w.l(entry9a.o)
    0x08000140   0x08000140   0x00000000   Code   RO         3900    .ARM.Collect$$$$0000000D  mc_w.l(entry10a.o)
    0x08000140   0x08000140   0x00000000   Code   RO         3902    .ARM.Collect$$$$0000000F  mc_w.l(entry11a.o)
    0x08000140   0x08000140   0x00000004   Code   RO         3891    .ARM.Collect$$$$00002712  mc_w.l(entry2.o)
    0x08000144   0x08000144   0x00000024   Code   RO          899    .text               startup_stm32f10x_hd.o
    0x08000168   0x08000168   0x00000064   Code   RO         3878    .text               mf_w.l(fmul.o)
    0x080001cc   0x080001cc   0x0000007c   Code   RO         3880    .text               mf_w.l(fdiv.o)
    0x08000248   0x08000248   0x0000000a   Code   RO         3882    .text               mf_w.l(ffltui.o)
    0x08000252   0x08000252   0x00000028   Code   RO         3884    .text               mf_w.l(ffixui.o)
    0x0800027a   0x0800027a   0x00000002   PAD
    0x0800027c   0x0800027c   0x00000014   Code   RO         3886    .text               mf_w.l(cfcmple.o)
    0x08000290   0x08000290   0x00000014   Code   RO         3888    .text               mf_w.l(cfrcmple.o)
    0x080002a4   0x080002a4   0x00000000   Code   RO         3904    .text               mc_w.l(iusefp.o)
    0x080002a4   0x080002a4   0x0000006e   Code   RO         3905    .text               mf_w.l(fepilogue.o)
    0x08000312   0x08000312   0x00000002   PAD
    0x08000314   0x08000314   0x00000024   Code   RO         3907    .text               mc_w.l(init.o)
    0x08000338   0x08000338   0x00000016   Code   RO          945    i.ADC_Cmd           stm32f10x_adc.o
    0x0800034e   0x0800034e   0x00000014   Code   RO          953    i.ADC_GetCalibrationStatus  stm32f10x_adc.o
    0x08000362   0x08000362   0x00000008   Code   RO          954    i.ADC_GetConversionValue  stm32f10x_adc.o
    0x0800036a   0x0800036a   0x00000012   Code   RO          956    i.ADC_GetFlagStatus  stm32f10x_adc.o
    0x0800037c   0x0800037c   0x00000014   Code   RO          959    i.ADC_GetResetCalibrationStatus  stm32f10x_adc.o
    0x08000390   0x08000390   0x00000030   Code   RO          743    i.ADC_GetVoltage    adc.o
    0x080003c0   0x080003c0   0x00000050   Code   RO          963    i.ADC_Init          stm32f10x_adc.o
    0x08000410   0x08000410   0x00000030   Code   RO          744    i.ADC_Read          adc.o
    0x08000440   0x08000440   0x000000b8   Code   RO          967    i.ADC_RegularChannelConfig  stm32f10x_adc.o
    0x080004f8   0x080004f8   0x0000000a   Code   RO          968    i.ADC_ResetCalibration  stm32f10x_adc.o
    0x08000502   0x08000502   0x00000016   Code   RO          970    i.ADC_SoftwareStartConvCmd  stm32f10x_adc.o
    0x08000518   0x08000518   0x0000000a   Code   RO          972    i.ADC_StartCalibration  stm32f10x_adc.o
    0x08000522   0x08000522   0x00000004   Code   RO          151    i.BusFault_Handler  stm32f10x_it.o
    0x08000526   0x08000526   0x00000002   PAD
    0x08000528   0x08000528   0x00000034   Code   RO          767    i.Clear_Wave        wave_display.o
    0x0800055c   0x0800055c   0x00000050   Code   RO          689    i.Copy_HZK16        text.o
    0x080005ac   0x080005ac   0x0000005c   Code   RO          690    i.Copy_HZK24        text.o
    0x08000608   0x08000608   0x00000016   Code   RO          691    i.Copy_Mem          text.o
    0x0800061e   0x0800061e   0x00000002   Code   RO          152    i.DebugMon_Handler  stm32f10x_it.o
    0x08000620   0x08000620   0x00000050   Code   RO          309    i.DrawFont_GBK16B   gbk_libdrive.o
    0x08000670   0x08000670   0x000001e4   Code   RO          768    i.Draw_Axis         wave_display.o
    0x08000854   0x08000854   0x00000040   Code   RO          692    i.Draw_Font16B      text.o
    0x08000894   0x08000894   0x00000064   Code   RO          312    i.FontLib_Read      gbk_libdrive.o
    0x080008f8   0x080008f8   0x00000094   Code   RO          313    i.GBK_GetASC_Point  gbk_libdrive.o
    0x0800098c   0x0800098c   0x000000b0   Code   RO          315    i.GBK_Lib_GetHz     gbk_libdrive.o
    0x08000a3c   0x08000a3c   0x00000008   Code   RO          316    i.GBK_Lib_Init      gbk_libdrive.o
    0x08000a44   0x08000a44   0x00000094   Code   RO          317    i.GBK_ReadID        gbk_libdrive.o
    0x08000ad8   0x08000ad8   0x000000e2   Code   RO          318    i.GBK_ShowASCII     gbk_libdrive.o
    0x08000bba   0x08000bba   0x000000c2   Code   RO          319    i.GBK_Show_Font     gbk_libdrive.o
    0x08000c7c   0x08000c7c   0x000000d2   Code   RO          320    i.GBK_Show_Str      gbk_libdrive.o
    0x08000d4e   0x08000d4e   0x0000001a   Code   RO          322    i.GBK_delay         gbk_libdrive.o
    0x08000d68   0x08000d68   0x00000116   Code   RO         2054    i.GPIO_Init         stm32f10x_gpio.o
    0x08000e7e   0x08000e7e   0x00000012   Code   RO         2058    i.GPIO_ReadInputDataBit  stm32f10x_gpio.o
    0x08000e90   0x08000e90   0x00000004   Code   RO         2061    i.GPIO_ResetBits    stm32f10x_gpio.o
    0x08000e94   0x08000e94   0x00000004   Code   RO         2062    i.GPIO_SetBits      stm32f10x_gpio.o
    0x08000e98   0x08000e98   0x00000078   Code   RO          694    i.Get_HzMat         text.o
    0x08000f10   0x08000f10   0x00000004   Code   RO          153    i.HardFault_Handler  stm32f10x_it.o
    0x08000f14   0x08000f14   0x00000028   Code   RO          286    i.KEY_Init          key.o
    0x08000f3c   0x08000f3c   0x00000058   Code   RO          287    i.KEY_Scan          key.o
    0x08000f94   0x08000f94   0x00000044   Code   RO          453    i.LCD_Clear         lcd.o
    0x08000fd8   0x08000fd8   0x000000fc   Code   RO          457    i.LCD_Display_Dir   lcd.o
    0x080010d4   0x080010d4   0x000000ac   Code   RO          458    i.LCD_DrawLine      lcd.o
    0x08001180   0x08001180   0x00000024   Code   RO          462    i.LCD_Fast_DrawPoint  lcd.o
    0x080011a4   0x080011a4   0x00000058   Code   RO          464    i.LCD_GPIO_Init     lcd.o
    0x080011fc   0x080011fc   0x000001e8   Code   RO          466    i.LCD_Init          lcd.o
    0x080013e4   0x080013e4   0x00000058   Code   RO          468    i.LCD_SetCursor     lcd.o
    0x0800143c   0x0800143c   0x0000008c   Code   RO          469    i.LCD_Set_Window    lcd.o
    0x080014c8   0x080014c8   0x00000124   Code   RO          470    i.LCD_ShowChar      lcd.o
    0x080015ec   0x080015ec   0x0000006a   Code   RO          472    i.LCD_ShowString    lcd.o
    0x08001656   0x08001656   0x00000010   Code   RO          474    i.LCD_SoftRest      lcd.o
    0x08001666   0x08001666   0x00000002   PAD
    0x08001668   0x08001668   0x00000038   Code   RO          475    i.LCD_WR_DATA16     lcd.o
    0x080016a0   0x080016a0   0x00000030   Code   RO          476    i.LCD_WR_DATA8      lcd.o
    0x080016d0   0x080016d0   0x00000030   Code   RO          477    i.LCD_WR_REG        lcd.o
    0x08001700   0x08001700   0x00000010   Code   RO          479    i.LCD_WriteRAM_Prepare  lcd.o
    0x08001710   0x08001710   0x00000014   Code   RO          480    i.LCD_WriteReg      lcd.o
    0x08001724   0x08001724   0x00000038   Code   RO          274    i.LED_Init          led.o
    0x0800175c   0x0800175c   0x00000004   Code   RO          154    i.MemManage_Handler  stm32f10x_it.o
    0x08001760   0x08001760   0x00000088   Code   RO          745    i.My_ADC_Init       adc.o
    0x080017e8   0x080017e8   0x00000002   Code   RO          155    i.NMI_Handler       stm32f10x_it.o
    0x080017ea   0x080017ea   0x0000000c   Code   RO          873    i.NVIC_Configuration  sys.o
    0x080017f6   0x080017f6   0x00000002   PAD
    0x080017f8   0x080017f8   0x00000070   Code   RO          903    i.NVIC_Init         misc.o
    0x08001868   0x08001868   0x00000014   Code   RO          904    i.NVIC_PriorityGroupConfig  misc.o
    0x0800187c   0x0800187c   0x00000002   Code   RO          156    i.PendSV_Handler    stm32f10x_it.o
    0x0800187e   0x0800187e   0x00000002   PAD
    0x08001880   0x08001880   0x00000018   Code   RO         2468    i.RCC_ADCCLKConfig  stm32f10x_rcc.o
    0x08001898   0x08001898   0x00000020   Code   RO         2470    i.RCC_APB1PeriphClockCmd  stm32f10x_rcc.o
    0x080018b8   0x080018b8   0x00000020   Code   RO         2471    i.RCC_APB1PeriphResetCmd  stm32f10x_rcc.o
    0x080018d8   0x080018d8   0x00000020   Code   RO         2472    i.RCC_APB2PeriphClockCmd  stm32f10x_rcc.o
    0x080018f8   0x080018f8   0x000000d4   Code   RO         2480    i.RCC_GetClocksFreq  stm32f10x_rcc.o
    0x080019cc   0x080019cc   0x000000a4   Code   RO          481    i.SPI2_Init         lcd.o
    0x08001a70   0x08001a70   0x00000038   Code   RO          482    i.SPI2_ReadWriteByte  lcd.o
    0x08001aa8   0x08001aa8   0x00000018   Code   RO         2949    i.SPI_Cmd           stm32f10x_spi.o
    0x08001ac0   0x08001ac0   0x00000012   Code   RO         2957    i.SPI_I2S_GetFlagStatus  stm32f10x_spi.o
    0x08001ad2   0x08001ad2   0x00000006   Code   RO         2960    i.SPI_I2S_ReceiveData  stm32f10x_spi.o
    0x08001ad8   0x08001ad8   0x00000004   Code   RO         2961    i.SPI_I2S_SendData  stm32f10x_spi.o
    0x08001adc   0x08001adc   0x0000003c   Code   RO         2962    i.SPI_Init          stm32f10x_spi.o
    0x08001b18   0x08001b18   0x00000002   Code   RO          157    i.SVC_Handler       stm32f10x_it.o
    0x08001b1a   0x08001b1a   0x00000008   Code   RO          240    i.SetSysClock       system_stm32f10x.o
    0x08001b22   0x08001b22   0x00000002   PAD
    0x08001b24   0x08001b24   0x000000e0   Code   RO          241    i.SetSysClockTo72   system_stm32f10x.o
    0x08001c04   0x08001c04   0x000000c4   Code   RO          695    i.Show_Font         text.o
    0x08001cc8   0x08001cc8   0x00000044   Code   RO          483    i.Show_Name         lcd.o
    0x08001d0c   0x08001d0c   0x000000c6   Code   RO          696    i.Show_Str          text.o
    0x08001dd2   0x08001dd2   0x00000028   Code   RO          907    i.SysTick_CLKSourceConfig  misc.o
    0x08001dfa   0x08001dfa   0x00000002   Code   RO          158    i.SysTick_Handler   stm32f10x_it.o
    0x08001dfc   0x08001dfc   0x00000060   Code   RO          243    i.SystemInit        system_stm32f10x.o
    0x08001e5c   0x08001e5c   0x00000088   Code   RO          832    i.USART1_IRQHandler  usart.o
    0x08001ee4   0x08001ee4   0x00000018   Code   RO         3640    i.USART_Cmd         stm32f10x_usart.o
    0x08001efc   0x08001efc   0x00000054   Code   RO         3644    i.USART_GetITStatus  stm32f10x_usart.o
    0x08001f50   0x08001f50   0x0000004a   Code   RO         3646    i.USART_ITConfig    stm32f10x_usart.o
    0x08001f9a   0x08001f9a   0x00000002   PAD
    0x08001f9c   0x08001f9c   0x000000d8   Code   RO         3647    i.USART_Init        stm32f10x_usart.o
    0x08002074   0x08002074   0x0000000a   Code   RO         3654    i.USART_ReceiveData  stm32f10x_usart.o
    0x0800207e   0x0800207e   0x00000002   PAD
    0x08002080   0x08002080   0x00000080   Code   RO          769    i.Update_Wave       wave_display.o
    0x08002100   0x08002100   0x00000004   Code   RO          159    i.UsageFault_Handler  stm32f10x_it.o
    0x08002104   0x08002104   0x00000058   Code   RO          770    i.Voltage_To_Y      wave_display.o
    0x0800215c   0x0800215c   0x0000001c   Code   RO          771    i.Wave_Display_Loop  wave_display.o
    0x08002178   0x08002178   0x0000000e   Code   RO         3911    i.__scatterload_copy  mc_w.l(handlers.o)
    0x08002186   0x08002186   0x00000002   Code   RO         3912    i.__scatterload_null  mc_w.l(handlers.o)
    0x08002188   0x08002188   0x0000000e   Code   RO         3913    i.__scatterload_zeroinit  mc_w.l(handlers.o)
    0x08002196   0x08002196   0x00000002   PAD
    0x08002198   0x08002198   0x00000044   Code   RO          806    i.delay_init        delay.o
    0x080021dc   0x080021dc   0x0000004c   Code   RO          807    i.delay_ms          delay.o
    0x08002228   0x08002228   0x00000074   Code   RO            1    i.main              main.o
    0x0800229c   0x0800229c   0x000000a0   Code   RO          835    i.uart_init         usart.o
    0x0800233c   0x0800233c   0x00002368   Data   RO          436    .constdata          font.o
    0x080046a4   0x080046a4   0x00000020   Data   RO         3909    Region$$Table       anon$$obj.o


    Execution Region RW_IRAM1 (Exec base: 0x20000000, Load base: 0x080046c4, Size: 0x00000610, Max: 0x0000c000, ABSOLUTE)

    Exec Addr    Load Addr    Size         Type   Attr      Idx    E Section Name        Object

    0x20000000   0x080046c4   0x00000014   Data   RW          244    .data               system_stm32f10x.o
    0x20000014   0x080046d8   0x00000001   Data   RW          288    .data               key.o
    0x20000015   0x080046d9   0x00000001   PAD
    0x20000016   0x080046da   0x0000000a   Data   RW          485    .data               lcd.o
    0x20000020   0x080046e4   0x00000001   Data   RW          773    .data               wave_display.o
    0x20000021   0x080046e5   0x00000001   PAD
    0x20000022   0x080046e6   0x00000004   Data   RW          809    .data               delay.o
    0x20000026   0x080046ea   0x00000002   PAD
    0x20000028   0x080046ec   0x00000006   Data   RW          837    .data               usart.o
    0x2000002e   0x080046f2   0x00000014   Data   RW         2500    .data               stm32f10x_rcc.o
    0x20000042   0x08004706   0x00000002   PAD
    0x20000044        -       0x0000000e   Zero   RW          484    .bss                lcd.o
    0x20000052        -       0x000000f0   Zero   RW          772    .bss                wave_display.o
    0x20000142        -       0x000000c8   Zero   RW          836    .bss                usart.o
    0x2000020a   0x08004706   0x00000006   PAD
    0x20000210        -       0x00000400   Zero   RW          896    STACK               startup_stm32f10x_hd.o


==============================================================================

Image component sizes


      Code (inc. data)   RO Data    RW Data    ZI Data      Debug   Object Name

       232         22          0          0          0       1642   adc.o
         0          0          0          0          0         32   core_cm3.o
       144         22          0          4          0       1224   delay.o
         0          0       9064          0          0       1234   font.o
      1316         46          0          0          0       8939   gbk_libdrive.o
       128         14          0          1          0       1294   key.o
      2222        158          0         10         14      15151   lcd.o
        56          6          0          0          0        499   led.o
       116          8          0          0          0     249043   main.o
       172         22          0          0          0       2097   misc.o
        36          8        304          0       1024        800   startup_stm32f10x_hd.o
       394         10          0          0          0       8145   stm32f10x_adc.o
       304          0          0          0          0       3708   stm32f10x_gpio.o
        26          0          0          0          0       3794   stm32f10x_it.o
       332         44          0         20          0       5626   stm32f10x_rcc.o
       112          0          0          0          0       3894   stm32f10x_spi.o
       408          6          0          0          0       5054   stm32f10x_usart.o
        12          0          0          0          0        465   sys.o
       328         28          0         20          0       2137   system_stm32f10x.o
       772         16          0          0          0       6111   text.o
       296         22          0          6        200       3216   usart.o
       780         82          0          1        240       3686   wave_display.o

    ----------------------------------------------------------------------
      8200        514       9400         68       1484     327791   Object Totals
         0          0         32          0          0          0   (incl. Generated)
        14          0          0          6          6          0   (incl. Padding)

    ----------------------------------------------------------------------

      Code (inc. data)   RO Data    RW Data    ZI Data      Debug   Library Member Name

         0          0          0          0          0          0   entry.o
         0          0          0          0          0          0   entry10a.o
         0          0          0          0          0          0   entry11a.o
         8          4          0          0          0          0   entry2.o
         4          0          0          0          0          0   entry5.o
         0          0          0          0          0          0   entry7b.o
         0          0          0          0          0          0   entry8b.o
         8          4          0          0          0          0   entry9a.o
        30          0          0          0          0          0   handlers.o
        36          8          0          0          0         68   init.o
         0          0          0          0          0          0   iusefp.o
        20          0          0          0          0         68   cfcmple.o
        20          0          0          0          0         68   cfrcmple.o
       124          0          0          0          0         88   fdiv.o
       110          0          0          0          0        168   fepilogue.o
        40          0          0          0          0         68   ffixui.o
        10          0          0          0          0         68   ffltui.o
       100          0          0          0          0         76   fmul.o

    ----------------------------------------------------------------------
       516         16          0          0          0        672   Library Totals
         6          0          0          0          0          0   (incl. Padding)

    ----------------------------------------------------------------------

      Code (inc. data)   RO Data    RW Data    ZI Data      Debug   Library Name

        86         16          0          0          0         68   mc_w.l
       424          0          0          0          0        604   mf_w.l

    ----------------------------------------------------------------------
       516         16          0          0          0        672   Library Totals

    ----------------------------------------------------------------------

==============================================================================


      Code (inc. data)   RO Data    RW Data    ZI Data      Debug   

      8716        530       9400         68       1484     323467   Grand Totals
      8716        530       9400         68       1484     323467   ELF Image Totals
      8716        530       9400         68          0          0   ROM Totals

==============================================================================

    Total RO  Size (Code + RO Data)                18116 (  17.69kB)
    Total RW  Size (RW Data + ZI Data)              1552 (   1.52kB)
    Total ROM Size (Code + RO Data + RW Data)      18184 (  17.76kB)

==============================================================================

